Pool of bills-with-votes collected: 210 (from 40 pages)
[1/90] HB 5249: local=1 live=2 <-- GAP dates=['2026-07-03']
[2/90] HB 4183: local=3 live=3
[3/90] HB 4098: local=3 live=3
[4/90] HB 4470: local=1 live=1
[5/90] SB 476: local=1 live=1
[6/90] HB 4948: local=1 live=1
[7/90] HB 5052: local=1 live=1
[8/90] SB 222: local=1 live=1
[9/90] SB 349: local=3 live=3
[10/90] SB 355: local=1 live=1
[11/90] SB 95: local=2 live=2
[12/90] SB 541: local=1 live=1
[13/90] HB 4695: local=2 live=2
[14/90] HB 4401: local=1 live=1
[15/90] HB 4225: local=1 live=1
[16/90] HB 4594: local=1 live=1
[17/90] HB 4702: local=1 live=1
[18/90] HB 4911: local=1 live=1
[19/90] SB 968: local=1 live=1
[20/90] HB 5821: local=1 live=1
[21/90] SB 966: local=1 live=3 <-- GAP dates=['2026-07-03', '2026-07-03']
[22/90] SB 266: local=1 live=1
[23/90] HB 4307: local=1 live=1
[24/90] SB 424: local=1 live=1
[25/90] SB 60: local=1 live=1
[26/90] SB 258: local=1 live=1
[27/90] SB 319: local=1 live=1
[28/90] HB 4698: local=1 live=1
[29/90] HB 4466: local=1 live=1
[30/90] HB 4697: local=1 live=1
[31/90] HR 91: local=1 live=1
[32/90] HB 4162: local=1 live=1
[33/90] SB 964: local=1 live=1
[34/90] SB 977: local=1 live=1
[35/90] SB 105: local=1 live=2 <-- GAP dates=['2026-07-03']
[36/90] SB 160: local=1 live=1
[37/90] SB 898: local=1 live=1
[38/90] HR 2: local=1 live=1
[39/90] HB 4073: local=1 live=1
[40/90] HB 5814: local=1 live=1
[41/90] HB 4100: local=1 live=2 <-- GAP dates=['2026-07-03']
[42/90] HB 4840: local=1 live=1
[43/90] HB 5933: local=1 live=1
[44/90] SB 32: local=1 live=1
[45/90] HB 4543: local=2 live=2
[46/90] SB 133: local=1 live=2 <-- GAP dates=['2026-07-03']
[47/90] HB 5059: local=1 live=1
[48/90] SB 692: local=1 live=1
[49/90] HB 4303: local=2 live=2
[50/90] SB 938: local=1 live=1
[51/90] SB 770: local=1 live=1
[52/90] HB 4045: local=2 live=2
[53/90] HB 4099: local=2 live=2
[54/90] SB 581: local=3 live=3
[55/90] HB 4245: local=1 live=1
[56/90] HB 4445: local=1 live=1
[57/90] HB 4071: local=1 live=1
[58/90] SB 97: local=2 live=2
[59/90] SB 269: local=2 live=2
[60/90] HB 4582: local=1 live=1
[61/90] HB 4219: local=1 live=1
[62/90] SB 236: local=1 live=1
[63/90] HB 5781: local=1 live=1
[64/90] HB 5636: local=1 live=1
[65/90] HB 5198: local=1 live=1
[66/90] HB 4349: local=1 live=1
[67/90] HB 5506: local=1 live=1
[68/90] SB 701: local=1 live=1
[69/90] SB 37: local=1 live=1
[70/90] SB 815: local=1 live=1
[71/90] HB 4101: local=2 live=3 <-- GAP dates=['2026-07-03']
[72/90] HB 4011: local=1 live=1
[73/90] SB 296: local=1 live=1
[74/90] SB 397: local=1 live=1
[75/90] HB 5472: local=1 live=1
[76/90] HB 4765: local=1 live=1
[77/90] HB 5092: local=2 live=2
[78/90] HB 4263: local=1 live=1
[79/90] SB 8: local=2 live=2
[80/90] SB 259: local=1 live=1
[81/90] SB 418: local=1 live=3 <-- GAP dates=['2026-07-03', '2026-07-03']
[82/90] HB 4208: local=1 live=2 <-- GAP dates=['2026-07-03']
[83/90] SB 592: local=1 live=1
[84/90] HB 4354: local=1 live=1
[85/90] SB 601: local=1 live=1
[86/90] HB 4822: local=1 live=1
[87/90] HB 4724: local=1 live=2 <-- GAP dates=['2026-07-03']
[88/90] HB 5818: local=1 live=1
[89/90] SB 820: local=1 live=1
[90/90] HB 5938: local=1 live=1

Total gap bills: 9/90
