[1/60] HB 5053: local=1 live=1
[2/60] HB 5017: local=0 live=0
[3/60] SB 968: local=1 live=1
[4/60] SB 107: local=1 live=1
[5/60] HB 5756: local=0 live=0
[6/60] HB 5390: local=0 live=0
[7/60] HB 4478: local=0 live=0
[8/60] SB 153: local=0 live=0
[9/60] HB 5935: local=1 live=1
[10/60] SB 369: local=0 live=0
[11/60] HB 4079: local=2 live=2
[12/60] HB 4957: local=0 live=0
[13/60] HB 5442: local=0 live=0
[14/60] SB 502: local=1 live=1
[15/60] SB 444: local=0 live=0
[16/60] SB 267: local=1 live=1
[17/60] SB 596: local=4 live=4
[18/60] HB 4033: local=1 live=1
[19/60] SB 93: local=2 live=2
[20/60] HB 4361: local=1 live=1
[21/60] HR 254: local=0 live=0
[22/60] HB 5156: local=0 live=0
[23/60] SB 693: local=1 live=1
[24/60] SR 135: local=0 live=0
[25/60] HR 74: local=0 live=0
[26/60] SB 884: local=0 live=0
[27/60] HB 6080: local=0 live=0
[28/60] SB 762: local=0 live=0
[29/60] HB 5090: local=0 live=0
[30/60] HB 5226: local=0 live=0
[31/60] HB 5831: local=1 live=1
[32/60] HB 4187: local=1 live=3 <-- GAP
[33/60] SB 846: local=0 live=0
[34/60] SB 1047: local=0 live=0
[35/60] HB 4798: local=2 live=2
[36/60] HR 86: local=0 live=0
[37/60] SR 83: local=0 live=0
[38/60] HB 4118: local=1 live=1
[39/60] SB 327: local=0 live=0
[40/60] SB 769: local=0 live=0
[41/60] SB 855: local=0 live=0
[42/60] HB 4087: local=0 live=0
[43/60] HB 5229: local=1 live=1
[44/60] HR 57: local=0 live=0
[45/60] HB 4811: local=0 live=0
[46/60] SB 92: local=0 live=0
[47/60] HJR J: local=0 live=0
[48/60] HB 5463: local=0 live=0
[49/60] HB 4296: local=0 live=0
[50/60] SB 963: local=1 live=1
[51/60] HR 44: local=0 live=0
[52/60] HB 6149: local=0 live=0
[53/60] SB 813: local=0 live=0
[54/60] SB 772: local=0 live=0
[55/60] HB 5108: local=0 live=0
[56/60] HB 4740: local=0 live=0
[57/60] HB 5923: local=0 live=0
[58/60] HB 4651: local=0 live=0
[59/60] SB 2: local=1 live=1
[60/60] HB 5130: local=0 live=0
