=== 01:27:57 starting ut 2025S2 (attempt 1/5) ===
ut 2025S2 exit=0 (completed)

────────────────────────────────────────────────────────────
  31/31 passed  |  0 warnings  |  0 failures  |  0 skipped
────────────────────────────────────────────────────────────

  (full output also written to logs/quality-check/ut_2025S2.log)

=== 01:28:01 starting va 2026S1 (attempt 1/5) ===
va 2026S1 exit=1 (completed)

────────────────────────────────────────────────────────────
  1057/1121 passed  |  26 warnings  |  38 failures  |  0 skipped
────────────────────────────────────────────────────────────

  (full output also written to logs/quality-check/va_2026S1.log)

=== 01:33:08 starting ut 2026 (attempt 1/5) ===
ut 2026 exit=1 (completed)

────────────────────────────────────────────────────────────
  2910/2924 passed  |  4 warnings  |  10 failures  |  0 skipped
────────────────────────────────────────────────────────────

  (full output also written to logs/quality-check/ut_2026.log)

=== 01:40:40 starting fl 2026 (attempt 1/5) ===
fl 2026 exit=1 (completed)

────────────────────────────────────────────────────────────
  2268/2366 passed  |  24 warnings  |  74 failures  |  0 skipped
────────────────────────────────────────────────────────────

  (full output also written to logs/quality-check/fl_2026.log)

=== 01:47:36 starting az 57th-2nd-regular (attempt 1/5) ===
az 57th-2nd-regular exit=1 (completed)

────────────────────────────────────────────────────────────
  2593/2671 passed  |  49 warnings  |  29 failures  |  0 skipped
────────────────────────────────────────────────────────────

  (full output also written to logs/quality-check/az_57th-2nd-regular.log)

=== 01:56:13 starting wa 2025-2026 (attempt 1/5) ===
wa 2025-2026 attempt 1 CRASHED (exit=1) -- likely rate-limited:
    r.raise_for_status()
  File "/Users/agentsmith/Developer/repos/ddp-open-states-dev/.venv/lib/python3.9/site-packages/requests/models.py", line 1026, in raise_for_status
    raise HTTPError(http_error_msg, response=self)
requests.exceptions.HTTPError: 429 Client Error: Too Many Requests for url: https://v3.openstates.org/bills?jurisdiction=wa&session=2025-2026&page=62&per_page=20&apikey=54a34b98-53ad-42f5-9487-e8dbe81cd68d
  ...cooling down 90s before retry
=== 01:58:29 starting wa 2025-2026 (attempt 2/5) ===
wa 2025-2026 attempt 2 CRASHED (exit=1) -- likely rate-limited:
    r.raise_for_status()
  File "/Users/agentsmith/Developer/repos/ddp-open-states-dev/.venv/lib/python3.9/site-packages/requests/models.py", line 1026, in raise_for_status
    raise HTTPError(http_error_msg, response=self)
requests.exceptions.HTTPError: 429 Client Error: Too Many Requests for url: https://v3.openstates.org/bills?jurisdiction=wa&session=2025-2026&page=128&per_page=20&apikey=54a34b98-53ad-42f5-9487-e8dbe81cd68d
  ...cooling down 90s before retry
=== 02:01:28 starting wa 2025-2026 (attempt 3/5) ===
wa 2025-2026 attempt 3 CRASHED (exit=1) -- likely rate-limited:
    r.raise_for_status()
  File "/Users/agentsmith/Developer/repos/ddp-open-states-dev/.venv/lib/python3.9/site-packages/requests/models.py", line 1026, in raise_for_status
    raise HTTPError(http_error_msg, response=self)
requests.exceptions.HTTPError: 429 Client Error: Too Many Requests for url: https://v3.openstates.org/bills?jurisdiction=wa&session=2025-2026&page=83&per_page=20&apikey=54a34b98-53ad-42f5-9487-e8dbe81cd68d
  ...cooling down 90s before retry
=== 02:06:02 starting wa 2025-2026 (attempt 4/5) ===
wa 2025-2026 attempt 4 CRASHED (exit=1) -- likely rate-limited:
    r.raise_for_status()
  File "/Users/agentsmith/Developer/repos/ddp-open-states-dev/.venv/lib/python3.9/site-packages/requests/models.py", line 1026, in raise_for_status
    raise HTTPError(http_error_msg, response=self)
requests.exceptions.HTTPError: 429 Client Error: Too Many Requests for url: https://v3.openstates.org/bills?jurisdiction=wa&session=2025-2026&page=37&per_page=20&apikey=54a34b98-53ad-42f5-9487-e8dbe81cd68d
  ...cooling down 90s before retry
=== 02:08:05 starting wa 2025-2026 (attempt 5/5) ===
wa 2025-2026 attempt 5 CRASHED (exit=1) -- likely rate-limited:
    r.raise_for_status()
  File "/Users/agentsmith/Developer/repos/ddp-open-states-dev/.venv/lib/python3.9/site-packages/requests/models.py", line 1026, in raise_for_status
    raise HTTPError(http_error_msg, response=self)
requests.exceptions.HTTPError: 429 Client Error: Too Many Requests for url: https://v3.openstates.org/bills?jurisdiction=wa&session=2025-2026&page=35&per_page=20&apikey=54a34b98-53ad-42f5-9487-e8dbe81cd68d
wa 2025-2026: giving up after 5 attempts
    public_ids = fetch_all_public_identifiers(jurisdiction, session, api_key)
  File "/Users/agentsmith/Developer/repos/ddp-open-states-dev/quality_check.py", line 250, in fetch_all_public_identifiers
    r.raise_for_status()
  File "/Users/agentsmith/Developer/repos/ddp-open-states-dev/.venv/lib/python3.9/site-packages/requests/models.py", line 1026, in raise_for_status
    raise HTTPError(http_error_msg, response=self)
requests.exceptions.HTTPError: 429 Client Error: Too Many Requests for url: https://v3.openstates.org/bills?jurisdiction=wa&session=2025-2026&page=35&per_page=20&apikey=54a34b98-53ad-42f5-9487-e8dbe81cd68d

=== 02:08:35 starting va 2026 (attempt 1/5) ===
va 2026 attempt 1 CRASHED (exit=1) -- likely rate-limited:
    r.raise_for_status()
  File "/Users/agentsmith/Developer/repos/ddp-open-states-dev/.venv/lib/python3.9/site-packages/requests/models.py", line 1026, in raise_for_status
    raise HTTPError(http_error_msg, response=self)
requests.exceptions.HTTPError: 429 Client Error: Too Many Requests for url: https://v3.openstates.org/bills?jurisdiction=va&session=2026&page=1&per_page=20&apikey=54a34b98-53ad-42f5-9487-e8dbe81cd68d
  ...cooling down 90s before retry
=== 02:10:12 starting va 2026 (attempt 2/5) ===
va 2026 attempt 2 CRASHED (exit=1) -- likely rate-limited:
    r.raise_for_status()
  File "/Users/agentsmith/Developer/repos/ddp-open-states-dev/.venv/lib/python3.9/site-packages/requests/models.py", line 1026, in raise_for_status
    raise HTTPError(http_error_msg, response=self)
requests.exceptions.HTTPError: 429 Client Error: Too Many Requests for url: https://v3.openstates.org/bills?jurisdiction=va&session=2026&page=39&per_page=20&apikey=54a34b98-53ad-42f5-9487-e8dbe81cd68d
  ...cooling down 90s before retry
=== 02:13:08 starting va 2026 (attempt 3/5) ===
va 2026 attempt 3 CRASHED (exit=1) -- likely rate-limited:
    r.raise_for_status()
  File "/Users/agentsmith/Developer/repos/ddp-open-states-dev/.venv/lib/python3.9/site-packages/requests/models.py", line 1026, in raise_for_status
    raise HTTPError(http_error_msg, response=self)
requests.exceptions.HTTPError: 429 Client Error: Too Many Requests for url: https://v3.openstates.org/bills?jurisdiction=va&session=2026&page=43&per_page=20&apikey=54a34b98-53ad-42f5-9487-e8dbe81cd68d
  ...cooling down 90s before retry
=== 02:15:26 starting va 2026 (attempt 4/5) ===
va 2026 attempt 4 CRASHED (exit=1) -- likely rate-limited:
    r = adapter.send(request, **kwargs)
  File "/Users/agentsmith/Developer/repos/ddp-open-states-dev/.venv/lib/python3.9/site-packages/requests/adapters.py", line 690, in send
    raise ReadTimeout(e, request=request)
requests.exceptions.ReadTimeout: HTTPSConnectionPool(host='v3.openstates.org', port=443): Read timed out. (read timeout=30)
  ...cooling down 90s before retry
=== 02:23:41 starting va 2026 (attempt 5/5) ===
va 2026 attempt 5 CRASHED (exit=1) -- likely rate-limited:
    r.raise_for_status()
  File "/Users/agentsmith/Developer/repos/ddp-open-states-dev/.venv/lib/python3.9/site-packages/requests/models.py", line 1026, in raise_for_status
    raise HTTPError(http_error_msg, response=self)
requests.exceptions.HTTPError: 429 Client Error: Too Many Requests for url: https://v3.openstates.org/bills?jurisdiction=va&session=2026&page=57&per_page=20&apikey=54a34b98-53ad-42f5-9487-e8dbe81cd68d
va 2026: giving up after 5 attempts
    public_ids = fetch_all_public_identifiers(jurisdiction, session, api_key)
  File "/Users/agentsmith/Developer/repos/ddp-open-states-dev/quality_check.py", line 250, in fetch_all_public_identifiers
    r.raise_for_status()
  File "/Users/agentsmith/Developer/repos/ddp-open-states-dev/.venv/lib/python3.9/site-packages/requests/models.py", line 1026, in raise_for_status
    raise HTTPError(http_error_msg, response=self)
requests.exceptions.HTTPError: 429 Client Error: Too Many Requests for url: https://v3.openstates.org/bills?jurisdiction=va&session=2026&page=57&per_page=20&apikey=54a34b98-53ad-42f5-9487-e8dbe81cd68d

=== 02:25:54 starting mi 2025-2026 (attempt 1/5) ===
mi 2025-2026 attempt 1 CRASHED (exit=1) -- likely rate-limited:
    r.raise_for_status()
  File "/Users/agentsmith/Developer/repos/ddp-open-states-dev/.venv/lib/python3.9/site-packages/requests/models.py", line 1026, in raise_for_status
    raise HTTPError(http_error_msg, response=self)
requests.exceptions.HTTPError: 429 Client Error: Too Many Requests for url: https://v3.openstates.org/bills?jurisdiction=mi&session=2025-2026&page=40&per_page=20&apikey=54a34b98-53ad-42f5-9487-e8dbe81cd68d
  ...cooling down 90s before retry
=== 02:28:06 starting mi 2025-2026 (attempt 2/5) ===
mi 2025-2026 attempt 2 CRASHED (exit=1) -- likely rate-limited:
    r = adapter.send(request, **kwargs)
  File "/Users/agentsmith/Developer/repos/ddp-open-states-dev/.venv/lib/python3.9/site-packages/requests/adapters.py", line 690, in send
    raise ReadTimeout(e, request=request)
requests.exceptions.ReadTimeout: HTTPSConnectionPool(host='v3.openstates.org', port=443): Read timed out. (read timeout=30)
  ...cooling down 90s before retry
=== 02:42:39 starting mi 2025-2026 (attempt 3/5) ===
mi 2025-2026 attempt 3 CRASHED (exit=1) -- likely rate-limited:
    r = adapter.send(request, **kwargs)
  File "/Users/agentsmith/Developer/repos/ddp-open-states-dev/.venv/lib/python3.9/site-packages/requests/adapters.py", line 690, in send
    raise ReadTimeout(e, request=request)
requests.exceptions.ReadTimeout: HTTPSConnectionPool(host='v3.openstates.org', port=443): Read timed out. (read timeout=30)
  ...cooling down 90s before retry
=== 02:46:17 starting mi 2025-2026 (attempt 4/5) ===
mi 2025-2026 attempt 4 CRASHED (exit=1) -- likely rate-limited:
    r.raise_for_status()
  File "/Users/agentsmith/Developer/repos/ddp-open-states-dev/.venv/lib/python3.9/site-packages/requests/models.py", line 1026, in raise_for_status
    raise HTTPError(http_error_msg, response=self)
requests.exceptions.HTTPError: 429 Client Error: Too Many Requests for url: https://v3.openstates.org/bills?jurisdiction=mi&session=2025-2026&page=107&per_page=20&apikey=54a34b98-53ad-42f5-9487-e8dbe81cd68d
  ...cooling down 90s before retry
=== 02:56:10 starting mi 2025-2026 (attempt 5/5) ===
mi 2025-2026 attempt 5 CRASHED (exit=1) -- likely rate-limited:
    r.raise_for_status()
  File "/Users/agentsmith/Developer/repos/ddp-open-states-dev/.venv/lib/python3.9/site-packages/requests/models.py", line 1026, in raise_for_status
    raise HTTPError(http_error_msg, response=self)
requests.exceptions.HTTPError: 429 Client Error: Too Many Requests for url: https://v3.openstates.org/bills?jurisdiction=mi&session=2025-2026&page=22&per_page=20&apikey=54a34b98-53ad-42f5-9487-e8dbe81cd68d
mi 2025-2026: giving up after 5 attempts
    public_ids = fetch_all_public_identifiers(jurisdiction, session, api_key)
  File "/Users/agentsmith/Developer/repos/ddp-open-states-dev/quality_check.py", line 250, in fetch_all_public_identifiers
    r.raise_for_status()
  File "/Users/agentsmith/Developer/repos/ddp-open-states-dev/.venv/lib/python3.9/site-packages/requests/models.py", line 1026, in raise_for_status
    raise HTTPError(http_error_msg, response=self)
requests.exceptions.HTTPError: 429 Client Error: Too Many Requests for url: https://v3.openstates.org/bills?jurisdiction=mi&session=2025-2026&page=22&per_page=20&apikey=54a34b98-53ad-42f5-9487-e8dbe81cd68d

=== 02:56:53 starting ma 194th (attempt 1/5) ===
ma 194th attempt 1 CRASHED (exit=1) -- likely rate-limited:
    r.raise_for_status()
  File "/Users/agentsmith/Developer/repos/ddp-open-states-dev/.venv/lib/python3.9/site-packages/requests/models.py", line 1026, in raise_for_status
    raise HTTPError(http_error_msg, response=self)
requests.exceptions.HTTPError: 429 Client Error: Too Many Requests for url: https://v3.openstates.org/bills?jurisdiction=ma&session=194th&page=35&per_page=20&apikey=54a34b98-53ad-42f5-9487-e8dbe81cd68d
  ...cooling down 90s before retry
=== 02:59:22 starting ma 194th (attempt 2/5) ===
ma 194th attempt 2 CRASHED (exit=1) -- likely rate-limited:
    r.raise_for_status()
  File "/Users/agentsmith/Developer/repos/ddp-open-states-dev/.venv/lib/python3.9/site-packages/requests/models.py", line 1026, in raise_for_status
    raise HTTPError(http_error_msg, response=self)
requests.exceptions.HTTPError: 429 Client Error: Too Many Requests for url: https://v3.openstates.org/bills?jurisdiction=ma&session=194th&page=22&per_page=20&apikey=54a34b98-53ad-42f5-9487-e8dbe81cd68d
  ...cooling down 90s before retry
=== 03:01:17 starting ma 194th (attempt 3/5) ===
ma 194th attempt 3 CRASHED (exit=1) -- likely rate-limited:
    r = adapter.send(request, **kwargs)
  File "/Users/agentsmith/Developer/repos/ddp-open-states-dev/.venv/lib/python3.9/site-packages/requests/adapters.py", line 690, in send
    raise ReadTimeout(e, request=request)
requests.exceptions.ReadTimeout: HTTPSConnectionPool(host='v3.openstates.org', port=443): Read timed out. (read timeout=30)
  ...cooling down 90s before retry
=== 03:07:39 starting ma 194th (attempt 4/5) ===
ma 194th attempt 4 CRASHED (exit=1) -- likely rate-limited:
    r = adapter.send(request, **kwargs)
  File "/Users/agentsmith/Developer/repos/ddp-open-states-dev/.venv/lib/python3.9/site-packages/requests/adapters.py", line 690, in send
    raise ReadTimeout(e, request=request)
requests.exceptions.ReadTimeout: HTTPSConnectionPool(host='v3.openstates.org', port=443): Read timed out. (read timeout=30)
  ...cooling down 90s before retry
=== 03:12:54 starting ma 194th (attempt 5/5) ===
ma 194th attempt 5 CRASHED (exit=1) -- likely rate-limited:
    r = adapter.send(request, **kwargs)
  File "/Users/agentsmith/Developer/repos/ddp-open-states-dev/.venv/lib/python3.9/site-packages/requests/adapters.py", line 690, in send
    raise ReadTimeout(e, request=request)
requests.exceptions.ReadTimeout: HTTPSConnectionPool(host='v3.openstates.org', port=443): Read timed out. (read timeout=30)
ma 194th: giving up after 5 attempts
    resp = self.send(prep, **send_kwargs)
  File "/Users/agentsmith/Developer/repos/ddp-open-states-dev/.venv/lib/python3.9/site-packages/requests/sessions.py", line 703, in send
    r = adapter.send(request, **kwargs)
  File "/Users/agentsmith/Developer/repos/ddp-open-states-dev/.venv/lib/python3.9/site-packages/requests/adapters.py", line 690, in send
    raise ReadTimeout(e, request=request)
requests.exceptions.ReadTimeout: HTTPSConnectionPool(host='v3.openstates.org', port=443): Read timed out. (read timeout=30)

=== 03:19:09 starting us 119 (attempt 1/5) ===
us 119 attempt 1 CRASHED (exit=1) -- likely rate-limited:
    r = adapter.send(request, **kwargs)
  File "/Users/agentsmith/Developer/repos/ddp-open-states-dev/.venv/lib/python3.9/site-packages/requests/adapters.py", line 690, in send
    raise ReadTimeout(e, request=request)
requests.exceptions.ReadTimeout: HTTPSConnectionPool(host='v3.openstates.org', port=443): Read timed out. (read timeout=30)
  ...cooling down 90s before retry
=== 03:22:46 starting us 119 (attempt 2/5) ===
us 119 attempt 2 CRASHED (exit=1) -- likely rate-limited:
    r.raise_for_status()
  File "/Users/agentsmith/Developer/repos/ddp-open-states-dev/.venv/lib/python3.9/site-packages/requests/models.py", line 1026, in raise_for_status
    raise HTTPError(http_error_msg, response=self)
requests.exceptions.HTTPError: 429 Client Error: Too Many Requests for url: https://v3.openstates.org/bills?jurisdiction=us&session=119&page=93&per_page=20&apikey=54a34b98-53ad-42f5-9487-e8dbe81cd68d
  ...cooling down 90s before retry
=== 03:28:28 starting us 119 (attempt 3/5) ===
us 119 attempt 3 CRASHED (exit=1) -- likely rate-limited:
    r = adapter.send(request, **kwargs)
  File "/Users/agentsmith/Developer/repos/ddp-open-states-dev/.venv/lib/python3.9/site-packages/requests/adapters.py", line 690, in send
    raise ReadTimeout(e, request=request)
requests.exceptions.ReadTimeout: HTTPSConnectionPool(host='v3.openstates.org', port=443): Read timed out. (read timeout=30)
  ...cooling down 90s before retry
=== 03:35:46 starting us 119 (attempt 4/5) ===
us 119 attempt 4 CRASHED (exit=1) -- likely rate-limited:
    r = adapter.send(request, **kwargs)
  File "/Users/agentsmith/Developer/repos/ddp-open-states-dev/.venv/lib/python3.9/site-packages/requests/adapters.py", line 690, in send
    raise ReadTimeout(e, request=request)
requests.exceptions.ReadTimeout: HTTPSConnectionPool(host='v3.openstates.org', port=443): Read timed out. (read timeout=30)
  ...cooling down 90s before retry
=== 03:42:51 starting us 119 (attempt 5/5) ===
us 119 attempt 5 CRASHED (exit=1) -- likely rate-limited:
    r = adapter.send(request, **kwargs)
  File "/Users/agentsmith/Developer/repos/ddp-open-states-dev/.venv/lib/python3.9/site-packages/requests/adapters.py", line 690, in send
    raise ReadTimeout(e, request=request)
requests.exceptions.ReadTimeout: HTTPSConnectionPool(host='v3.openstates.org', port=443): Read timed out. (read timeout=30)
us 119: giving up after 5 attempts
    resp = self.send(prep, **send_kwargs)
  File "/Users/agentsmith/Developer/repos/ddp-open-states-dev/.venv/lib/python3.9/site-packages/requests/sessions.py", line 703, in send
    r = adapter.send(request, **kwargs)
  File "/Users/agentsmith/Developer/repos/ddp-open-states-dev/.venv/lib/python3.9/site-packages/requests/adapters.py", line 690, in send
    raise ReadTimeout(e, request=request)
requests.exceptions.ReadTimeout: HTTPSConnectionPool(host='v3.openstates.org', port=443): Read timed out. (read timeout=30)

=== 03:44:58 SWEEP COMPLETE ===
