
════════════════════════════════════════════════════════════
  COVERAGE CHECK: VA 2026
════════════════════════════════════════════════════════════
  Fetching full identifier set from live API (paginated)...
    ...page 50/182, 1000 identifiers so far
    ...page 52 failed (ReadTimeout), retry 1/3 in 1s
    ...page 57 failed (ReadTimeout), retry 1/3 in 1s
    ...page 58 failed (ReadTimeout), retry 1/3 in 1s
    ...page 58 failed (ReadTimeout), retry 2/3 in 2s
    ...page 62 failed (ReadTimeout), retry 1/3 in 1s
    ...page 62 failed (ReadTimeout), retry 2/3 in 2s
    ...page 100/182, 2000 identifiers so far
    ...page 150/182, 3000 identifiers so far
  live=3637  local=3637  missing=0  extra=0  both=3637
  [32m✓[0m  VA 2026: Tier 1 coverage — no missing bills (3637 local == 3637 live)
  Running Tier 2 sub-record checks on 100 of 3637 bills present in both...
  [32m✓[0m  VA HB 1 (2026): title matches
  [32m✓[0m  VA HB 1 (2026): latest_action matches
  [32m✓[0m  VA HB 1 (2026): vote event count matches (7)
  [32m✓[0m  VA HB 1 (2026): vote tally matches on 2026-01-20 ({'yes': 15, 'no': 7, 'abstain': 0, 'not voting': 0, 'other': 0})
  [32m✓[0m  VA HB 1 (2026): vote tally matches on 2026-01-28 ({'yes': 15, 'no': 7, 'abstain': 0, 'not voting': 0, 'other': 0})
  [32m✓[0m  VA HB 1 (2026): vote tally matches on 2026-02-03 ({'yes': 64, 'no': 34, 'abstain': 0, 'not voting': 2, 'other': 0})
  [32m✓[0m  VA HB 1 (2026): vote tally matches on 2026-02-23 ({'yes': 8, 'no': 5, 'abstain': 0, 'not voting': 2, 'other': 0})
  [32m✓[0m  VA HB 1 (2026): vote tally matches on 2026-03-03 ({'yes': 40, 'no': 0, 'abstain': 0, 'not voting': 0, 'other': 0})
  [32m✓[0m  VA HB 1 (2026): vote tally matches on 2026-03-03 ({'yes': 9, 'no': 5, 'abstain': 0, 'not voting': 1, 'other': 0})
  [32m✓[0m  VA HB 1 (2026): vote tally matches on 2026-03-04 ({'yes': 21, 'no': 19, 'abstain': 0, 'not voting': 0, 'other': 0})
  [32m✓[0m  VA HB 1 (2026): sponsorship count matches (68)
    ...0/100
  [32m✓[0m  VA HB 1014 (2026): title matches
  [32m✓[0m  VA HB 1014 (2026): latest_action matches
  [32m✓[0m  VA HB 1014 (2026): vote event count matches (9)
  [32m✓[0m  VA HB 1014 (2026): vote tally matches on 2026-01-28 ({'yes': 6, 'no': 2, 'abstain': 0, 'not voting': 0, 'other': 0})
  [32m✓[0m  VA HB 1014 (2026): vote tally matches on 2026-01-30 ({'yes': 16, 'no': 6, 'abstain': 0, 'not voting': 0, 'other': 0})
  [32m✓[0m  VA HB 1014 (2026): vote tally matches on 2026-02-03 ({'yes': 64, 'no': 34, 'abstain': 0, 'not voting': 2, 'other': 0})
  [32m✓[0m  VA HB 1014 (2026): vote tally matches on 2026-02-10 ({'yes': 14, 'no': 0, 'abstain': 0, 'not voting': 1, 'other': 0})
  [32m✓[0m  VA HB 1014 (2026): vote tally matches on 2026-02-25 ({'yes': 12, 'no': 2, 'abstain': 1, 'not voting': 0, 'other': 0})
  [32m✓[0m  VA HB 1014 (2026): vote tally matches on 2026-03-03 ({'yes': 15, 'no': 0, 'abstain': 0, 'not voting': 0, 'other': 0})
  [32m✓[0m  VA HB 1014 (2026): vote tally matches on 2026-03-03 ({'yes': 40, 'no': 0, 'abstain': 0, 'not voting': 0, 'other': 0})
  [32m✓[0m  VA HB 1014 (2026): vote tally matches on 2026-03-04 ({'yes': 33, 'no': 6, 'abstain': 0, 'not voting': 1, 'other': 0})
  [32m✓[0m  VA HB 1014 (2026): vote tally matches on 2026-03-06 ({'yes': 62, 'no': 35, 'abstain': 0, 'not voting': 2, 'other': 0})
  [32m✓[0m  VA HB 1014 (2026): sponsorship count matches (6)
  [32m✓[0m  VA HB 1015 (2026): title matches
  [33m~[0m  VA HB 1015 (2026): latest_action differs  [local='acts of assembly chapter text (chap1084)' live='fiscal impact statement from vcsc (4/14/2026 12:45']
  [33m~[0m  VA HB 1015 (2026): local has MORE votes than live (our fix not merged?)  [local=12 live=10]
  [32m✓[0m  VA HB 1015 (2026): vote tally matches on 2026-02-05 ({'yes': 7, 'no': 3, 'abstain': 0, 'not voting': 0, 'other': 0})
  [32m✓[0m  VA HB 1015 (2026): vote tally matches on 2026-02-06 ({'yes': 15, 'no': 7, 'abstain': 0, 'not voting': 0, 'other': 0})
  [32m✓[0m  VA HB 1015 (2026): vote tally matches on 2026-02-11 ({'yes': 5, 'no': 2, 'abstain': 0, 'not voting': 0, 'other': 0})
  [32m✓[0m  VA HB 1015 (2026): vote tally matches on 2026-02-11 ({'yes': 15, 'no': 7, 'abstain': 0, 'not voting': 0, 'other': 0})
  [33m~[0m  VA HB 1015 (2026): vote tally differs on 2026-02-17  [local={'yes': 60, 'no': 35, 'abstain': 0, 'not voting': 5, 'other': 0} live={'yes': 59, 'no': 35, 'abstain': 0, 'not voting': 5, 'other': 0} | Elizabeth B. Bennett-Parker (yes): local only | 258 other local bill(s) share this signature on 2026-02-17]
  [32m✓[0m  VA HB 1015 (2026): vote tally matches on 2026-02-25 ({'yes': 9, 'no': 6, 'abstain': 0, 'not voting': 0, 'other': 0})
  [32m✓[0m  VA HB 1015 (2026): vote tally matches on 2026-03-04 ({'yes': 10, 'no': 5, 'abstain': 0, 'not voting': 0, 'other': 0})
  [32m✓[0m  VA HB 1015 (2026): vote tally matches on 2026-03-05 ({'yes': 39, 'no': 0, 'abstain': 0, 'not voting': 1, 'other': 0})
  [32m✓[0m  VA HB 1015 (2026): vote tally matches on 2026-03-11 ({'yes': 21, 'no': 19, 'abstain': 0, 'not voting': 0, 'other': 0})
  [32m✓[0m  VA HB 1015 (2026): vote tally matches on 2026-03-12 ({'yes': 60, 'no': 35, 'abstain': 0, 'not voting': 4, 'other': 0})
  [32m✓[0m  VA HB 1015 (2026): sponsorship count matches (7)
  [32m✓[0m  VA HB 107 (2026): title matches
  [32m✓[0m  VA HB 107 (2026): latest_action matches
  [32m✓[0m  VA HB 107 (2026): vote event count matches (6)
  [32m✓[0m  VA HB 107 (2026): vote tally matches on 2026-01-20 ({'yes': 9, 'no': 0, 'abstain': 0, 'not voting': 0, 'other': 0})
  [32m✓[0m  VA HB 107 (2026): vote tally matches on 2026-01-22 ({'yes': 22, 'no': 0, 'abstain': 0, 'not voting': 0, 'other': 0})
  [32m✓[0m  VA HB 107 (2026): vote tally matches on 2026-01-28 ({'yes': 97, 'no': 0, 'abstain': 0, 'not voting': 3, 'other': 0})
  [32m✓[0m  VA HB 107 (2026): vote tally matches on 2026-02-23 ({'yes': 14, 'no': 1, 'abstain': 0, 'not voting': 0, 'other': 0})
  [32m✓[0m  VA HB 107 (2026): vote tally matches on 2026-02-25 ({'yes': 40, 'no': 0, 'abstain': 0, 'not voting': 0, 'other': 0})
  [32m✓[0m  VA HB 107 (2026): vote tally matches on 2026-02-26 ({'yes': 39, 'no': 1, 'abstain': 0, 'not voting': 0, 'other': 0})
  [32m✓[0m  VA HB 107 (2026): sponsorship count matches (2)
  [32m✓[0m  VA HB 1095 (2026): title matches
  [33m~[0m  VA HB 1095 (2026): latest_action differs  [local='acts of assembly chapter text (chap0934)' live='approved by governor-chapter 934 (effective 7/1/20']
  [32m✓[0m  VA HB 1095 (2026): vote event count matches (7)
  [32m✓[0m  VA HB 1095 (2026): vote tally matches on 2026-02-03 ({'yes': 7, 'no': 3, 'abstain': 0, 'not voting': 0, 'other': 0})
  [32m✓[0m  VA HB 1095 (2026): vote tally matches on 2026-02-04 ({'yes': 13, 'no': 8, 'abstain': 0, 'not voting': 1, 'other': 0})
  [32m✓[0m  VA HB 1095 (2026): vote tally matches on 2026-02-11 ({'yes': 61, 'no': 35, 'abstain': 1, 'not voting': 3, 'other': 0})
  [32m✓[0m  VA HB 1095 (2026): vote tally matches on 2026-03-05 ({'yes': 9, 'no': 5, 'abstain': 1, 'not voting': 0, 'other': 0})
  [32m✓[0m  VA HB 1095 (2026): vote tally matches on 2026-03-06 ({'yes': 39, 'no': 0, 'abstain': 0, 'not voting': 1, 'other': 0})
  [32m✓[0m  VA HB 1095 (2026): vote tally matches on 2026-03-10 ({'yes': 21, 'no': 19, 'abstain': 0, 'not voting': 0, 'other': 0})
  [32m✓[0m  VA HB 1095 (2026): vote tally matches on 2026-03-11 ({'yes': 63, 'no': 35, 'abstain': 0, 'not voting': 1, 'other': 0})
  [32m✓[0m  VA HB 1095 (2026): sponsorship count matches (3)
  [32m✓[0m  VA HB 110 (2026): title matches
  [32m✓[0m  VA HB 110 (2026): latest_action matches
  [32m✓[0m  VA HB 110 (2026): vote event count matches (13)
  [32m✓[0m  VA HB 110 (2026): vote tally matches on 2026-01-29 ({'yes': 7, 'no': 3, 'abstain': 0, 'not voting': 0, 'other': 0})
  [32m✓[0m  VA HB 110 (2026): vote tally matches on 2026-01-30 ({'yes': 15, 'no': 6, 'abstain': 0, 'not voting': 1, 'other': 0})
  [32m✓[0m  VA HB 110 (2026): vote tally matches on 2026-02-05 ({'yes': 62, 'no': 35, 'abstain': 0, 'not voting': 3, 'other': 0})
  [32m✓[0m  VA HB 110 (2026): vote tally matches on 2026-02-23 ({'yes': 9, 'no': 5, 'abstain': 0, 'not voting': 1, 'other': 0})
  [32m✓[0m  VA HB 110 (2026): vote tally matches on 2026-02-25 ({'yes': 10, 'no': 5, 'abstain': 0, 'not voting': 0, 'other': 0})
  [32m✓[0m  VA HB 110 (2026): vote tally matches on 2026-02-26 ({'yes': 40, 'no': 0, 'abstain': 0, 'not voting': 0, 'other': 0})
  [32m✓[0m  VA HB 110 (2026): vote tally matches on 2026-03-02 ({'yes': 21, 'no': 19, 'abstain': 0, 'not voting': 0, 'other': 0})
  [32m✓[0m  VA HB 110 (2026): vote tally matches on 2026-03-04 ({'yes': 0, 'no': 96, 'abstain': 0, 'not voting': 3, 'other': 0})
  [32m✓[0m  VA HB 110 (2026): vote tally matches on 2026-03-06 ({'yes': 40, 'no': 0, 'abstain': 0, 'not voting': 0, 'other': 0})
  [32m✓[0m  VA HB 110 (2026): vote tally matches on 2026-03-14 ({'yes': 60, 'no': 36, 'abstain': 0, 'not voting': 3, 'other': 0})
  [32m✓[0m  VA HB 110 (2026): vote tally matches on 2026-03-14 ({'yes': 60, 'no': 37, 'abstain': 0, 'not voting': 2, 'other': 0})
  [32m✓[0m  VA HB 110 (2026): vote tally matches on 2026-03-14 ({'yes': 20, 'no': 18, 'abstain': 0, 'not voting': 2, 'other': 0})
  [32m✓[0m  VA HB 110 (2026): vote tally matches on 2026-03-14 ({'yes': 21, 'no': 18, 'abstain': 0, 'not voting': 1, 'other': 0})
  [32m✓[0m  VA HB 110 (2026): sponsorship count matches (9)
  [32m✓[0m  VA HB 1199 (2026): title matches
  [32m✓[0m  VA HB 1199 (2026): latest_action matches
  [32m✓[0m  VA HB 1199 (2026): vote event count matches (1)
  [32m✓[0m  VA HB 1199 (2026): vote tally matches on 2026-01-27 ({'yes': 3, 'no': 7, 'abstain': 0, 'not voting': 1, 'other': 0})
  [32m✓[0m  VA HB 1199 (2026): sponsorship count matches (3)
  [32m✓[0m  VA HB 1221 (2026): title matches
  [32m✓[0m  VA HB 1221 (2026): latest_action matches
  [32m✓[0m  VA HB 1221 (2026): vote event count matches (9)
  [32m✓[0m  VA HB 1221 (2026): vote tally matches on 2026-01-28 ({'yes': 7, 'no': 0, 'abstain': 0, 'not voting': 0, 'other': 0})
  [32m✓[0m  VA HB 1221 (2026): vote tally matches on 2026-01-30 ({'yes': 21, 'no': 0, 'abstain': 0, 'not voting': 1, 'other': 0})
  [32m✓[0m  VA HB 1221 (2026): vote tally matches on 2026-02-05 ({'yes': 91, 'no': 6, 'abstain': 0, 'not voting': 3, 'other': 0})
  [32m✓[0m  VA HB 1221 (2026): vote tally matches on 2026-02-19 ({'yes': 15, 'no': 0, 'abstain': 0, 'not voting': 0, 'other': 0})
  [32m✓[0m  VA HB 1221 (2026): vote tally matches on 2026-03-03 ({'yes': 14, 'no': 0, 'abstain': 0, 'not voting': 1, 'other': 0})
  [32m✓[0m  VA HB 1221 (2026): vote tally matches on 2026-03-03 ({'yes': 40, 'no': 0, 'abstain': 0, 'not voting': 0, 'other': 0})
  [32m✓[0m  VA HB 1221 (2026): vote tally matches on 2026-03-04 ({'yes': 40, 'no': 0, 'abstain': 0, 'not voting': 0, 'other': 0})
  [32m✓[0m  VA HB 1221 (2026): vote tally matches on 2026-03-06 ({'yes': 3, 'no': 94, 'abstain': 0, 'not voting': 2, 'other': 0})
  [32m✓[0m  VA HB 1221 (2026): vote tally matches on 2026-03-10 ({'yes': 39, 'no': 0, 'abstain': 0, 'not voting': 1, 'other': 0})
  [32m✓[0m  VA HB 1221 (2026): sponsorship count matches (4)
  [32m✓[0m  VA HB 1232 (2026): title matches
  [32m✓[0m  VA HB 1232 (2026): latest_action matches
  [32m✓[0m  VA HB 1232 (2026): vote event count matches (0)
  [32m✓[0m  VA HB 1232 (2026): sponsorship count matches (1)
  [32m✓[0m  VA HB 1261 (2026): title matches
  [32m✓[0m  VA HB 1261 (2026): latest_action matches
  [32m✓[0m  VA HB 1261 (2026): vote event count matches (0)
  [32m✓[0m  VA HB 1261 (2026): sponsorship count matches (1)
  [32m✓[0m  VA HB 1273 (2026): title matches
  [33m~[0m  VA HB 1273 (2026): latest_action differs  [local='acts of assembly chapter text (chap1095)' live="governor's recommendation received by house"]
  [33m~[0m  VA HB 1273 (2026): local has MORE votes than live (our fix not merged?)  [local=8 live=6]
  [32m✓[0m  VA HB 1273 (2026): vote tally matches on 2026-02-10 ({'yes': 9, 'no': 0, 'abstain': 0, 'not voting': 1, 'other': 0})
  [32m✓[0m  VA HB 1273 (2026): vote tally matches on 2026-02-12 ({'yes': 21, 'no': 0, 'abstain': 0, 'not voting': 1, 'other': 0})
  [33m~[0m  VA HB 1273 (2026): vote tally differs on 2026-02-17  [local={'yes': 91, 'no': 6, 'abstain': 0, 'not voting': 3, 'other': 0} live={'yes': 90, 'no': 6, 'abstain': 0, 'not voting': 3, 'other': 0} | Elizabeth B. Bennett-Parker (yes): local only | 258 other local bill(s) share this signature on 2026-02-17]
  [32m✓[0m  VA HB 1273 (2026): vote tally matches on 2026-02-26 ({'yes': 14, 'no': 0, 'abstain': 0, 'not voting': 1, 'other': 0})
  [32m✓[0m  VA HB 1273 (2026): vote tally matches on 2026-03-02 ({'yes': 39, 'no': 0, 'abstain': 0, 'not voting': 1, 'other': 0})
  [32m✓[0m  VA HB 1273 (2026): vote tally matches on 2026-03-03 ({'yes': 40, 'no': 0, 'abstain': 0, 'not voting': 0, 'other': 0})
  [32m✓[0m  VA HB 1273 (2026): sponsorship count matches (1)
  [32m✓[0m  VA HB 1278 (2026): title matches
  [33m~[0m  VA HB 1278 (2026): latest_action differs  [local='acts of assembly chapter text (chap0764)' live='approved by governor-chapter 764 (effective 7/1/20']
  [32m✓[0m  VA HB 1278 (2026): vote event count matches (12)
  [32m✓[0m  VA HB 1278 (2026): vote tally matches on 2026-02-03 ({'yes': 7, 'no': 3, 'abstain': 0, 'not voting': 0, 'other': 0})
  [32m✓[0m  VA HB 1278 (2026): vote tally matches on 2026-02-04 ({'yes': 15, 'no': 6, 'abstain': 0, 'not voting': 1, 'other': 0})
  [32m✓[0m  VA HB 1278 (2026): vote tally matches on 2026-02-09 ({'yes': 16, 'no': 6, 'abstain': 0, 'not voting': 0, 'other': 0})
  [32m✓[0m  VA HB 1278 (2026): vote tally matches on 2026-02-09 ({'yes': 5, 'no': 2, 'abstain': 0, 'not voting': 0, 'other': 0})
  [32m✓[0m  VA HB 1278 (2026): vote tally matches on 2026-02-13 ({'yes': 62, 'no': 33, 'abstain': 0, 'not voting': 5, 'other': 0})
  [32m✓[0m  VA HB 1278 (2026): vote tally matches on 2026-02-19 ({'yes': 15, 'no': 0, 'abstain': 0, 'not voting': 0, 'other': 0})
  [32m✓[0m  VA HB 1278 (2026): vote tally matches on 2026-02-20 ({'yes': 40, 'no': 0, 'abstain': 0, 'not voting': 0, 'other': 0})
  [32m✓[0m  VA HB 1278 (2026): vote tally matches on 2026-02-23 ({'yes': 38, 'no': 0, 'abstain': 0, 'not voting': 2, 'other': 0})
  [32m✓[0m  VA HB 1278 (2026): vote tally matches on 2026-02-25 ({'yes': 1, 'no': 95, 'abstain': 0, 'not voting': 3, 'other': 0})
  [32m✓[0m  VA HB 1278 (2026): vote tally matches on 2026-02-27 ({'yes': 39, 'no': 0, 'abstain': 0, 'not voting': 1, 'other': 0})
  [32m✓[0m  VA HB 1278 (2026): vote tally matches on 2026-03-13 ({'yes': 64, 'no': 30, 'abstain': 0, 'not voting': 5, 'other': 0})
  [32m✓[0m  VA HB 1278 (2026): vote tally matches on 2026-03-13 ({'yes': 23, 'no': 15, 'abstain': 0, 'not voting': 2, 'other': 0})
  [32m✓[0m  VA HB 1278 (2026): sponsorship count matches (6)
  [32m✓[0m  VA HB 1298 (2026): title matches
  [33m~[0m  VA HB 1298 (2026): latest_action differs  [local='acts of assembly chapter text (chap0770)' live='approved by governor-chapter 770 (effective 7/1/20']
  [32m✓[0m  VA HB 1298 (2026): vote event count matches (11)
  [32m✓[0m  VA HB 1298 (2026): vote tally matches on 2026-01-30 ({'yes': 10, 'no': 0, 'abstain': 0, 'not voting': 0, 'other': 0})
  [32m✓[0m  VA HB 1298 (2026): vote tally matches on 2026-02-04 ({'yes': 22, 'no': 0, 'abstain': 0, 'not voting': 0, 'other': 0})
  [32m✓[0m  VA HB 1298 (2026): vote tally matches on 2026-02-11 ({'yes': 22, 'no': 0, 'abstain': 0, 'not voting': 0, 'other': 0})
  [32m✓[0m  VA HB 1298 (2026): vote tally matches on 2026-02-13 ({'yes': 22, 'no': 0, 'abstain': 0, 'not voting': 0, 'other': 0})
  [32m✓[0m  VA HB 1298 (2026): vote tally matches on 2026-02-13 ({'yes': 7, 'no': 0, 'abstain': 0, 'not voting': 0, 'other': 0})
  [33m~[0m  VA HB 1298 (2026): vote tally differs on 2026-02-17  [local={'yes': 97, 'no': 0, 'abstain': 0, 'not voting': 3, 'other': 0} live={'yes': 96, 'no': 0, 'abstain': 0, 'not voting': 3, 'other': 0} | Elizabeth B. Bennett-Parker (yes): local only | 258 other local bill(s) share this signature on 2026-02-17]
  [32m✓[0m  VA HB 1298 (2026): vote tally matches on 2026-02-25 ({'yes': 15, 'no': 0, 'abstain': 0, 'not voting': 0, 'other': 0})
  [32m✓[0m  VA HB 1298 (2026): vote tally matches on 2026-03-03 ({'yes': 40, 'no': 0, 'abstain': 0, 'not voting': 0, 'other': 0})
  [32m✓[0m  VA HB 1298 (2026): vote tally matches on 2026-03-03 ({'yes': 14, 'no': 0, 'abstain': 0, 'not voting': 1, 'other': 0})
  [32m✓[0m  VA HB 1298 (2026): vote tally matches on 2026-03-04 ({'yes': 40, 'no': 0, 'abstain': 0, 'not voting': 0, 'other': 0})
  [32m✓[0m  VA HB 1298 (2026): vote tally matches on 2026-03-06 ({'yes': 97, 'no': 0, 'abstain': 0, 'not voting': 2, 'other': 0})
  [32m✓[0m  VA HB 1298 (2026): sponsorship count matches (4)
  [32m✓[0m  VA HB 1340 (2026): title matches
  [32m✓[0m  VA HB 1340 (2026): latest_action matches
  [32m✓[0m  VA HB 1340 (2026): vote event count matches (0)
  [32m✓[0m  VA HB 1340 (2026): sponsorship count matches (1)
  [32m✓[0m  VA HB 1352 (2026): title matches
  [32m✓[0m  VA HB 1352 (2026): latest_action matches
  [32m✓[0m  VA HB 1352 (2026): vote event count matches (6)
  [32m✓[0m  VA HB 1352 (2026): vote tally matches on 2026-02-10 ({'yes': 10, 'no': 0, 'abstain': 0, 'not voting': 0, 'other': 0})
  [32m✓[0m  VA HB 1352 (2026): vote tally matches on 2026-02-11 ({'yes': 20, 'no': 1, 'abstain': 0, 'not voting': 1, 'other': 0})
  [33m~[0m  VA HB 1352 (2026): vote tally differs on 2026-02-17  [local={'yes': 95, 'no': 1, 'abstain': 0, 'not voting': 4, 'other': 0} live={'yes': 94, 'no': 1, 'abstain': 0, 'not voting': 4, 'other': 0} | Elizabeth B. Bennett-Parker (yes): local only | 258 other local bill(s) share this signature on 2026-02-17]
  [32m✓[0m  VA HB 1352 (2026): vote tally matches on 2026-03-05 ({'yes': 15, 'no': 0, 'abstain': 0, 'not voting': 0, 'other': 0})
  [32m✓[0m  VA HB 1352 (2026): vote tally matches on 2026-03-06 ({'yes': 39, 'no': 0, 'abstain': 0, 'not voting': 1, 'other': 0})
  [32m✓[0m  VA HB 1352 (2026): vote tally matches on 2026-03-09 ({'yes': 40, 'no': 0, 'abstain': 0, 'not voting': 0, 'other': 0})
  [32m✓[0m  VA HB 1352 (2026): sponsorship count matches (2)
  [32m✓[0m  VA HB 1391 (2026): title matches
  [33m~[0m  VA HB 1391 (2026): latest_action differs  [local='acts of assembly chapter text (chap0838)' live='approved by governor-chapter 838 (effective 7/1/20']
  [32m✓[0m  VA HB 1391 (2026): vote event count matches (9)
  [32m✓[0m  VA HB 1391 (2026): vote tally matches on 2026-02-05 ({'yes': 7, 'no': 1, 'abstain': 0, 'not voting': 0, 'other': 0})
  [32m✓[0m  VA HB 1391 (2026): vote tally matches on 2026-02-10 ({'yes': 21, 'no': 1, 'abstain': 0, 'not voting': 0, 'other': 0})
  [32m✓[0m  VA HB 1391 (2026): vote tally matches on 2026-02-11 ({'yes': 7, 'no': 0, 'abstain': 0, 'not voting': 0, 'other': 0})
  [32m✓[0m  VA HB 1391 (2026): vote tally matches on 2026-02-11 ({'yes': 22, 'no': 0, 'abstain': 0, 'not voting': 0, 'other': 0})
  [33m~[0m  VA HB 1391 (2026): vote tally differs on 2026-02-17  [local={'yes': 95, 'no': 0, 'abstain': 0, 'not voting': 5, 'other': 0} live={'yes': 94, 'no': 0, 'abstain': 0, 'not voting': 5, 'other': 0} | Elizabeth B. Bennett-Parker (yes): local only | 258 other local bill(s) share this signature on 2026-02-17]
  [32m✓[0m  VA HB 1391 (2026): vote tally matches on 2026-02-26 ({'yes': 14, 'no': 0, 'abstain': 0, 'not voting': 1, 'other': 0})
  [32m✓[0m  VA HB 1391 (2026): vote tally matches on 2026-03-06 ({'yes': 14, 'no': 0, 'abstain': 0, 'not voting': 1, 'other': 0})
  [32m✓[0m  VA HB 1391 (2026): vote tally matches on 2026-03-09 ({'yes': 40, 'no': 0, 'abstain': 0, 'not voting': 0, 'other': 0})
  [32m✓[0m  VA HB 1391 (2026): vote tally matches on 2026-03-10 ({'yes': 40, 'no': 0, 'abstain': 0, 'not voting': 0, 'other': 0})
  [32m✓[0m  VA HB 1391 (2026): sponsorship count matches (12)
  [32m✓[0m  VA HB 1396 (2026): title matches
  [32m✓[0m  VA HB 1396 (2026): latest_action matches
  [32m✓[0m  VA HB 1396 (2026): vote event count matches (6)
  [32m✓[0m  VA HB 1396 (2026): vote tally matches on 2026-02-04 ({'yes': 6, 'no': 3, 'abstain': 0, 'not voting': 1, 'other': 0})
  [32m✓[0m  VA HB 1396 (2026): vote tally matches on 2026-02-04 ({'yes': 3, 'no': 5, 'abstain': 0, 'not voting': 3, 'other': 0})
  [32m✓[0m  VA HB 1396 (2026): vote tally matches on 2026-02-11 ({'yes': 15, 'no': 7, 'abstain': 0, 'not voting': 0, 'other': 0})
  [33m~[0m  VA HB 1396 (2026): vote tally differs on 2026-02-17  [local={'yes': 55, 'no': 39, 'abstain': 0, 'not voting': 6, 'other': 0} live={'yes': 54, 'no': 39, 'abstain': 0, 'not voting': 6, 'other': 0} | Elizabeth B. Bennett-Parker (yes): local only | 258 other local bill(s) share this signature on 2026-02-17]
  [32m✓[0m  VA HB 1396 (2026): vote tally matches on 2026-02-24 ({'yes': 8, 'no': 6, 'abstain': 0, 'not voting': 1, 'other': 0})
  [32m✓[0m  VA HB 1396 (2026): vote tally matches on 2026-03-04 ({'yes': 15, 'no': 0, 'abstain': 0, 'not voting': 0, 'other': 0})
  [32m✓[0m  VA HB 1396 (2026): sponsorship count matches (2)
  [32m✓[0m  VA HB 1453 (2026): title matches
  [32m✓[0m  VA HB 1453 (2026): latest_action matches
  [32m✓[0m  VA HB 1453 (2026): vote event count matches (0)
  [32m✓[0m  VA HB 1453 (2026): sponsorship count matches (8)
  [32m✓[0m  VA HB 1454 (2026): title matches
  [32m✓[0m  VA HB 1454 (2026): latest_action matches
  [32m✓[0m  VA HB 1454 (2026): vote event count matches (2)
  [32m✓[0m  VA HB 1454 (2026): vote tally matches on 2026-02-02 ({'yes': 10, 'no': 0, 'abstain': 0, 'not voting': 1, 'other': 0})
  [32m✓[0m  VA HB 1454 (2026): vote tally matches on 2026-02-04 ({'yes': 22, 'no': 0, 'abstain': 0, 'not voting': 0, 'other': 0})
  [32m✓[0m  VA HB 1454 (2026): sponsorship count matches (6)
  [32m✓[0m  VA HB 1467 (2026): title matches
  [33m~[0m  VA HB 1467 (2026): latest_action differs  [local='acts of assembly chapter text (chap0860)' live='approved by governor-chapter 860 (effective 7/1/20']
  [32m✓[0m  VA HB 1467 (2026): vote event count matches (6)
  [32m✓[0m  VA HB 1467 (2026): vote tally matches on 2026-01-29 ({'yes': 9, 'no': 0, 'abstain': 0, 'not voting': 1, 'other': 0})
  [32m✓[0m  VA HB 1467 (2026): vote tally matches on 2026-02-03 ({'yes': 22, 'no': 0, 'abstain': 0, 'not voting': 0, 'other': 0})
  [32m✓[0m  VA HB 1467 (2026): vote tally matches on 2026-02-09 ({'yes': 98, 'no': 0, 'abstain': 0, 'not voting': 2, 'other': 0})
  [32m✓[0m  VA HB 1467 (2026): vote tally matches on 2026-03-09 ({'yes': 12, 'no': 2, 'abstain': 0, 'not voting': 1, 'other': 0})
  [32m✓[0m  VA HB 1467 (2026): vote tally matches on 2026-03-10 ({'yes': 37, 'no': 0, 'abstain': 0, 'not voting': 3, 'other': 0})
  [32m✓[0m  VA HB 1467 (2026): vote tally matches on 2026-03-11 ({'yes': 31, 'no': 9, 'abstain': 0, 'not voting': 0, 'other': 0})
  [32m✓[0m  VA HB 1467 (2026): sponsorship count matches (2)
  [32m✓[0m  VA HB 1471 (2026): title matches
  [32m✓[0m  VA HB 1471 (2026): latest_action matches
  [32m✓[0m  VA HB 1471 (2026): vote event count matches (0)
  [32m✓[0m  VA HB 1471 (2026): sponsorship count matches (2)
  [32m✓[0m  VA HB 1484 (2026): title matches
  [32m✓[0m  VA HB 1484 (2026): latest_action matches
  [32m✓[0m  VA HB 1484 (2026): vote event count matches (1)
  [32m✓[0m  VA HB 1484 (2026): vote tally matches on 2026-02-03 ({'yes': 6, 'no': 3, 'abstain': 0, 'not voting': 1, 'other': 0})
  [32m✓[0m  VA HB 1484 (2026): sponsorship count matches (1)
  [32m✓[0m  VA HB 1506 (2026): title matches
  [32m✓[0m  VA HB 1506 (2026): latest_action matches
  [32m✓[0m  VA HB 1506 (2026): vote event count matches (0)
  [32m✓[0m  VA HB 1506 (2026): sponsorship count matches (1)
  [32m✓[0m  VA HB 173 (2026): title matches
  [32m✓[0m  VA HB 173 (2026): latest_action matches
  [32m✓[0m  VA HB 173 (2026): vote event count matches (13)
  [32m✓[0m  VA HB 173 (2026): vote tally matches on 2026-01-29 ({'yes': 5, 'no': 2, 'abstain': 0, 'not voting': 0, 'other': 0})
  [32m✓[0m  VA HB 173 (2026): vote tally matches on 2026-02-06 ({'yes': 17, 'no': 4, 'abstain': 1, 'not voting': 0, 'other': 0})
  [32m✓[0m  VA HB 173 (2026): vote tally matches on 2026-02-11 ({'yes': 15, 'no': 7, 'abstain': 0, 'not voting': 0, 'other': 0})
  [32m✓[0m  VA HB 173 (2026): vote tally matches on 2026-02-11 ({'yes': 5, 'no': 2, 'abstain': 0, 'not voting': 0, 'other': 0})
  [33m~[0m  VA HB 173 (2026): vote tally differs on 2026-02-17  [local={'yes': 65, 'no': 31, 'abstain': 0, 'not voting': 4, 'other': 0} live={'yes': 64, 'no': 31, 'abstain': 0, 'not voting': 4, 'other': 0} | Elizabeth B. Bennett-Parker (yes): local only | 258 other local bill(s) share this signature on 2026-02-17]
  [32m✓[0m  VA HB 173 (2026): vote tally matches on 2026-02-27 ({'yes': 14, 'no': 1, 'abstain': 0, 'not voting': 0, 'other': 0})
  [32m✓[0m  VA HB 173 (2026): vote tally matches on 2026-03-04 ({'yes': 15, 'no': 0, 'abstain': 0, 'not voting': 0, 'other': 0})
  [32m✓[0m  VA HB 173 (2026): vote tally matches on 2026-03-05 ({'yes': 39, 'no': 0, 'abstain': 0, 'not voting': 1, 'other': 0})
  [32m✓[0m  VA HB 173 (2026): vote tally matches on 2026-03-09 ({'yes': 40, 'no': 0, 'abstain': 0, 'not voting': 0, 'other': 0})
  [32m✓[0m  VA HB 173 (2026): vote tally matches on 2026-03-10 ({'yes': 2, 'no': 97, 'abstain': 0, 'not voting': 0, 'other': 0})
  [32m✓[0m  VA HB 173 (2026): vote tally matches on 2026-03-11 ({'yes': 40, 'no': 0, 'abstain': 0, 'not voting': 0, 'other': 0})
  [32m✓[0m  VA HB 173 (2026): vote tally matches on 2026-03-14 ({'yes': 21, 'no': 18, 'abstain': 0, 'not voting': 1, 'other': 0})
  [32m✓[0m  VA HB 173 (2026): vote tally matches on 2026-03-14 ({'yes': 65, 'no': 31, 'abstain': 0, 'not voting': 3, 'other': 0})
  [32m✓[0m  VA HB 173 (2026): sponsorship count matches (16)
  [32m✓[0m  VA HB 349 (2026): title matches
  [32m✓[0m  VA HB 349 (2026): latest_action matches
  [32m✓[0m  VA HB 349 (2026): vote event count matches (4)
  [32m✓[0m  VA HB 349 (2026): vote tally matches on 2026-01-23 ({'yes': 22, 'no': 0, 'abstain': 0, 'not voting': 0, 'other': 0})
  [32m✓[0m  VA HB 349 (2026): vote tally matches on 2026-01-29 ({'yes': 99, 'no': 0, 'abstain': 0, 'not voting': 1, 'other': 0})
  [32m✓[0m  VA HB 349 (2026): vote tally matches on 2026-02-18 ({'yes': 13, 'no': 0, 'abstain': 0, 'not voting': 1, 'other': 0})
  [32m✓[0m  VA HB 349 (2026): vote tally matches on 2026-03-04 ({'yes': 15, 'no': 0, 'abstain': 0, 'not voting': 0, 'other': 0})
  [32m✓[0m  VA HB 349 (2026): sponsorship count matches (5)
  [32m✓[0m  VA HB 369 (2026): title matches
  [32m✓[0m  VA HB 369 (2026): latest_action matches
  [32m✓[0m  VA HB 369 (2026): vote event count matches (7)
  [32m✓[0m  VA HB 369 (2026): vote tally matches on 2026-01-29 ({'yes': 9, 'no': 0, 'abstain': 0, 'not voting': 0, 'other': 0})
  [32m✓[0m  VA HB 369 (2026): vote tally matches on 2026-02-03 ({'yes': 20, 'no': 2, 'abstain': 0, 'not voting': 0, 'other': 0})
  [32m✓[0m  VA HB 369 (2026): vote tally matches on 2026-02-09 ({'yes': 94, 'no': 3, 'abstain': 0, 'not voting': 3, 'other': 0})
  [32m✓[0m  VA HB 369 (2026): vote tally matches on 2026-02-23 ({'yes': 15, 'no': 0, 'abstain': 0, 'not voting': 0, 'other': 0})
  [32m✓[0m  VA HB 369 (2026): vote tally matches on 2026-02-25 ({'yes': 40, 'no': 0, 'abstain': 0, 'not voting': 0, 'other': 0})
  [32m✓[0m  VA HB 369 (2026): vote tally matches on 2026-02-26 ({'yes': 40, 'no': 0, 'abstain': 0, 'not voting': 0, 'other': 0})
  [32m✓[0m  VA HB 369 (2026): vote tally matches on 2026-03-02 ({'yes': 95, 'no': 4, 'abstain': 0, 'not voting': 0, 'other': 0})
  [32m✓[0m  VA HB 369 (2026): sponsorship count matches (3)
    ...25/100
  [32m✓[0m  VA HB 375 (2026): title matches
  [32m✓[0m  VA HB 375 (2026): latest_action matches
  [32m✓[0m  VA HB 375 (2026): vote event count matches (7)
  [32m✓[0m  VA HB 375 (2026): vote tally matches on 2026-02-05 ({'yes': 9, 'no': 1, 'abstain': 0, 'not voting': 0, 'other': 0})
  [32m✓[0m  VA HB 375 (2026): vote tally matches on 2026-02-10 ({'yes': 20, 'no': 1, 'abstain': 0, 'not voting': 1, 'other': 0})
  [32m✓[0m  VA HB 375 (2026): vote tally matches on 2026-02-16 ({'yes': 71, 'no': 27, 'abstain': 0, 'not voting': 2, 'other': 0})
  [32m✓[0m  VA HB 375 (2026): vote tally matches on 2026-03-04 ({'yes': 9, 'no': 6, 'abstain': 0, 'not voting': 0, 'other': 0})
  [32m✓[0m  VA HB 375 (2026): vote tally matches on 2026-03-06 ({'yes': 39, 'no': 0, 'abstain': 0, 'not voting': 1, 'other': 0})
  [32m✓[0m  VA HB 375 (2026): vote tally matches on 2026-03-10 ({'yes': 21, 'no': 19, 'abstain': 0, 'not voting': 0, 'other': 0})
  [32m✓[0m  VA HB 375 (2026): vote tally matches on 2026-03-11 ({'yes': 66, 'no': 32, 'abstain': 0, 'not voting': 1, 'other': 0})
  [32m✓[0m  VA HB 375 (2026): sponsorship count matches (4)
  [32m✓[0m  VA HB 422 (2026): title matches
  [32m✓[0m  VA HB 422 (2026): latest_action matches
  [32m✓[0m  VA HB 422 (2026): vote event count matches (7)
  [32m✓[0m  VA HB 422 (2026): vote tally matches on 2026-01-27 ({'yes': 6, 'no': 1, 'abstain': 0, 'not voting': 2, 'other': 0})
  [32m✓[0m  VA HB 422 (2026): vote tally matches on 2026-01-29 ({'yes': 15, 'no': 7, 'abstain': 0, 'not voting': 0, 'other': 0})
  [32m✓[0m  VA HB 422 (2026): vote tally matches on 2026-02-04 ({'yes': 69, 'no': 29, 'abstain': 0, 'not voting': 2, 'other': 0})
  [32m✓[0m  VA HB 422 (2026): vote tally matches on 2026-03-09 ({'yes': 14, 'no': 1, 'abstain': 0, 'not voting': 0, 'other': 0})
  [32m✓[0m  VA HB 422 (2026): vote tally matches on 2026-03-10 ({'yes': 37, 'no': 0, 'abstain': 0, 'not voting': 3, 'other': 0})
  [33m~[0m  VA HB 422 (2026): vote tally differs on 2026-03-11  [local={'yes': 26, 'no': 12, 'abstain': 0, 'not voting': 2, 'other': 0} live={'yes': 28, 'no': 12, 'abstain': 0, 'not voting': 0, 'other': 0} | David R. Suetterlein (no): local only; Glen H. Sturtevant, Jr. (not voting): local only; J.D. "Danny" Diggs (no): local only; Timmy French (not voting): local only; David R. Suetterlein (yes): live only; Glen H. Sturtevant, Jr. (no): live only; J.D. "Danny" Diggs (yes): live only; Timmy French (no): live only | 94 other local bill(s) share this signature on 2026-03-11]
  [33m~[0m  VA HB 422 (2026): vote tally differs on 2026-03-11  [local={'yes': 28, 'no': 12, 'abstain': 0, 'not voting': 0, 'other': 0} live={'yes': 26, 'no': 12, 'abstain': 0, 'not voting': 2, 'other': 0} | David R. Suetterlein (yes): local only; Glen H. Sturtevant, Jr. (no): local only; J.D. "Danny" Diggs (yes): local only; Timmy French (no): local only; David R. Suetterlein (no): live only; Glen H. Sturtevant, Jr. (not voting): live only; J.D. "Danny" Diggs (no): live only; Timmy French (not voting): live only | 94 other local bill(s) share this signature on 2026-03-11]
  [32m✓[0m  VA HB 422 (2026): sponsorship count matches (11)
  [32m✓[0m  VA HB 43 (2026): title matches
  [33m~[0m  VA HB 43 (2026): latest_action differs  [local='acts of assembly chapter text (chap0785)' live='approved by governor-chapter 785 (effective 7/1/20']
  [32m✓[0m  VA HB 43 (2026): vote event count matches (6)
  [32m✓[0m  VA HB 43 (2026): vote tally matches on 2026-01-30 ({'yes': 7, 'no': 3, 'abstain': 0, 'not voting': 0, 'other': 0})
  [32m✓[0m  VA HB 43 (2026): vote tally matches on 2026-02-04 ({'yes': 15, 'no': 7, 'abstain': 0, 'not voting': 0, 'other': 0})
  [32m✓[0m  VA HB 43 (2026): vote tally matches on 2026-02-10 ({'yes': 63, 'no': 35, 'abstain': 0, 'not voting': 2, 'other': 0})
  [32m✓[0m  VA HB 43 (2026): vote tally matches on 2026-02-18 ({'yes': 10, 'no': 3, 'abstain': 1, 'not voting': 1, 'other': 0})
  [32m✓[0m  VA HB 43 (2026): vote tally matches on 2026-02-20 ({'yes': 40, 'no': 0, 'abstain': 0, 'not voting': 0, 'other': 0})
  [32m✓[0m  VA HB 43 (2026): vote tally matches on 2026-02-23 ({'yes': 22, 'no': 16, 'abstain': 0, 'not voting': 2, 'other': 0})
  [32m✓[0m  VA HB 43 (2026): sponsorship count matches (9)
  [32m✓[0m  VA HB 494 (2026): title matches
  [32m✓[0m  VA HB 494 (2026): latest_action matches
  [32m✓[0m  VA HB 494 (2026): vote event count matches (9)
  [32m✓[0m  VA HB 494 (2026): vote tally matches on 2026-01-29 ({'yes': 7, 'no': 2, 'abstain': 0, 'not voting': 1, 'other': 0})
  [32m✓[0m  VA HB 494 (2026): vote tally matches on 2026-02-03 ({'yes': 15, 'no': 6, 'abstain': 0, 'not voting': 1, 'other': 0})
  [32m✓[0m  VA HB 494 (2026): vote tally matches on 2026-02-06 ({'yes': 5, 'no': 2, 'abstain': 0, 'not voting': 0, 'other': 0})
  [32m✓[0m  VA HB 494 (2026): vote tally matches on 2026-02-09 ({'yes': 15, 'no': 7, 'abstain': 0, 'not voting': 0, 'other': 0})
  [32m✓[0m  VA HB 494 (2026): vote tally matches on 2026-02-13 ({'yes': 61, 'no': 35, 'abstain': 0, 'not voting': 4, 'other': 0})
  [32m✓[0m  VA HB 494 (2026): vote tally matches on 2026-02-25 ({'yes': 9, 'no': 6, 'abstain': 0, 'not voting': 0, 'other': 0})
  [32m✓[0m  VA HB 494 (2026): vote tally matches on 2026-02-27 ({'yes': 37, 'no': 0, 'abstain': 0, 'not voting': 3, 'other': 0})
  [32m✓[0m  VA HB 494 (2026): vote tally matches on 2026-03-02 ({'yes': 21, 'no': 19, 'abstain': 0, 'not voting': 0, 'other': 0})
  [32m✓[0m  VA HB 494 (2026): vote tally matches on 2026-03-04 ({'yes': 63, 'no': 33, 'abstain': 0, 'not voting': 3, 'other': 0})
  [32m✓[0m  VA HB 494 (2026): sponsorship count matches (11)
  [32m✓[0m  VA HB 516 (2026): title matches
  [32m✓[0m  VA HB 516 (2026): latest_action matches
  [32m✓[0m  VA HB 516 (2026): vote event count matches (1)
  [32m✓[0m  VA HB 516 (2026): vote tally matches on 2026-02-03 ({'yes': 5, 'no': 4, 'abstain': 0, 'not voting': 0, 'other': 0})
  [32m✓[0m  VA HB 516 (2026): sponsorship count matches (1)
  [32m✓[0m  VA HB 56 (2026): title matches
  [32m✓[0m  VA HB 56 (2026): latest_action matches
  [32m✓[0m  VA HB 56 (2026): vote event count matches (2)
  [32m✓[0m  VA HB 56 (2026): vote tally matches on 2026-02-09 ({'yes': 9, 'no': 0, 'abstain': 1, 'not voting': 1, 'other': 0})
  [32m✓[0m  VA HB 56 (2026): vote tally matches on 2026-02-11 ({'yes': 21, 'no': 0, 'abstain': 0, 'not voting': 1, 'other': 0})
  [32m✓[0m  VA HB 56 (2026): sponsorship count matches (1)
  [32m✓[0m  VA HB 71 (2026): title matches
  [32m✓[0m  VA HB 71 (2026): latest_action matches
  [32m✓[0m  VA HB 71 (2026): vote event count matches (1)
  [32m✓[0m  VA HB 71 (2026): vote tally matches on 2026-01-26 ({'yes': 6, 'no': 2, 'abstain': 0, 'not voting': 0, 'other': 0})
  [32m✓[0m  VA HB 71 (2026): sponsorship count matches (6)
  [32m✓[0m  VA HB 714 (2026): title matches
  [32m✓[0m  VA HB 714 (2026): latest_action matches
  [32m✓[0m  VA HB 714 (2026): vote event count matches (8)
  [32m✓[0m  VA HB 714 (2026): vote tally matches on 2026-01-28 ({'yes': 10, 'no': 0, 'abstain': 0, 'not voting': 0, 'other': 0})
  [32m✓[0m  VA HB 714 (2026): vote tally matches on 2026-02-04 ({'yes': 22, 'no': 0, 'abstain': 0, 'not voting': 0, 'other': 0})
  [32m✓[0m  VA HB 714 (2026): vote tally matches on 2026-02-10 ({'yes': 98, 'no': 0, 'abstain': 0, 'not voting': 2, 'other': 0})
  [32m✓[0m  VA HB 714 (2026): vote tally matches on 2026-02-18 ({'yes': 12, 'no': 0, 'abstain': 0, 'not voting': 3, 'other': 0})
  [32m✓[0m  VA HB 714 (2026): vote tally matches on 2026-02-24 ({'yes': 14, 'no': 0, 'abstain': 0, 'not voting': 1, 'other': 0})
  [32m✓[0m  VA HB 714 (2026): vote tally matches on 2026-02-26 ({'yes': 40, 'no': 0, 'abstain': 0, 'not voting': 0, 'other': 0})
  [32m✓[0m  VA HB 714 (2026): vote tally matches on 2026-02-27 ({'yes': 37, 'no': 0, 'abstain': 0, 'not voting': 3, 'other': 0})
  [32m✓[0m  VA HB 714 (2026): vote tally matches on 2026-03-03 ({'yes': 96, 'no': 0, 'abstain': 0, 'not voting': 3, 'other': 0})
  [32m✓[0m  VA HB 714 (2026): sponsorship count matches (2)
  [32m✓[0m  VA HB 729 (2026): title matches
  [32m✓[0m  VA HB 729 (2026): latest_action matches
  [32m✓[0m  VA HB 729 (2026): vote event count matches (1)
  [32m✓[0m  VA HB 729 (2026): vote tally matches on 2026-02-03 ({'yes': 8, 'no': 1, 'abstain': 0, 'not voting': 1, 'other': 0})
  [32m✓[0m  VA HB 729 (2026): sponsorship count matches (1)
  [32m✓[0m  VA HB 740 (2026): title matches
  [32m✓[0m  VA HB 740 (2026): latest_action matches
  [32m✓[0m  VA HB 740 (2026): vote event count matches (1)
  [32m✓[0m  VA HB 740 (2026): vote tally matches on 2026-01-27 ({'yes': 9, 'no': 0, 'abstain': 0, 'not voting': 1, 'other': 0})
  [32m✓[0m  VA HB 740 (2026): sponsorship count matches (1)
  [32m✓[0m  VA HB 766 (2026): title matches
  [32m✓[0m  VA HB 766 (2026): latest_action matches
  [32m✓[0m  VA HB 766 (2026): vote event count matches (1)
  [32m✓[0m  VA HB 766 (2026): vote tally matches on 2026-01-27 ({'yes': 5, 'no': 2, 'abstain': 0, 'not voting': 2, 'other': 0})
  [32m✓[0m  VA HB 766 (2026): sponsorship count matches (1)
  [32m✓[0m  VA HB 779 (2026): title matches
  [32m✓[0m  VA HB 779 (2026): latest_action matches
  [32m✓[0m  VA HB 779 (2026): vote event count matches (1)
  [32m✓[0m  VA HB 779 (2026): vote tally matches on 2026-01-23 ({'yes': 6, 'no': 0, 'abstain': 0, 'not voting': 1, 'other': 0})
  [32m✓[0m  VA HB 779 (2026): sponsorship count matches (1)
  [32m✓[0m  VA HB 780 (2026): title matches
  [32m✓[0m  VA HB 780 (2026): latest_action matches
  [32m✓[0m  VA HB 780 (2026): vote event count matches (0)
  [32m✓[0m  VA HB 780 (2026): sponsorship count matches (1)
  [32m✓[0m  VA HB 817 (2026): title matches
  [32m✓[0m  VA HB 817 (2026): latest_action matches
  [32m✓[0m  VA HB 817 (2026): vote event count matches (7)
  [32m✓[0m  VA HB 817 (2026): vote tally matches on 2026-01-22 ({'yes': 21, 'no': 1, 'abstain': 0, 'not voting': 0, 'other': 0})
  [32m✓[0m  VA HB 817 (2026): vote tally matches on 2026-01-28 ({'yes': 97, 'no': 0, 'abstain': 0, 'not voting': 3, 'other': 0})
  [32m✓[0m  VA HB 817 (2026): vote tally matches on 2026-02-19 ({'yes': 15, 'no': 0, 'abstain': 0, 'not voting': 0, 'other': 0})
  [32m✓[0m  VA HB 817 (2026): vote tally matches on 2026-02-25 ({'yes': 15, 'no': 0, 'abstain': 0, 'not voting': 0, 'other': 0})
  [32m✓[0m  VA HB 817 (2026): vote tally matches on 2026-02-26 ({'yes': 40, 'no': 0, 'abstain': 0, 'not voting': 0, 'other': 0})
  [32m✓[0m  VA HB 817 (2026): vote tally matches on 2026-02-27 ({'yes': 37, 'no': 0, 'abstain': 0, 'not voting': 3, 'other': 0})
  [32m✓[0m  VA HB 817 (2026): vote tally matches on 2026-03-03 ({'yes': 98, 'no': 0, 'abstain': 0, 'not voting': 1, 'other': 0})
  [32m✓[0m  VA HB 817 (2026): sponsorship count matches (1)
  [32m✓[0m  VA HB 829 (2026): title matches
  [32m✓[0m  VA HB 829 (2026): latest_action matches
  [32m✓[0m  VA HB 829 (2026): vote event count matches (0)
  [32m✓[0m  VA HB 829 (2026): sponsorship count matches (2)
  [33m~[0m  VA HB 938 (2026): title differs  [local='PFAS monitoring; DEQ to require for indu' live='Publicly owned treatment works; monitori']
  [33m~[0m  VA HB 938 (2026): latest_action differs  [local='acts of assembly chapter text (chap0709)' live='approved by governor-chapter 709 (effective 7/1/20']
  [32m✓[0m  VA HB 938 (2026): vote event count matches (9)
  [32m✓[0m  VA HB 938 (2026): vote tally matches on 2026-02-09 ({'yes': 10, 'no': 0, 'abstain': 0, 'not voting': 0, 'other': 0})
  [32m✓[0m  VA HB 938 (2026): vote tally matches on 2026-02-11 ({'yes': 20, 'no': 2, 'abstain': 0, 'not voting': 0, 'other': 0})
  [32m✓[0m  VA HB 938 (2026): vote tally matches on 2026-02-13 ({'yes': 22, 'no': 0, 'abstain': 0, 'not voting': 0, 'other': 0})
  [32m✓[0m  VA HB 938 (2026): vote tally matches on 2026-02-13 ({'yes': 7, 'no': 0, 'abstain': 0, 'not voting': 0, 'other': 0})
  [33m~[0m  VA HB 938 (2026): vote tally differs on 2026-02-17  [local={'yes': 88, 'no': 7, 'abstain': 0, 'not voting': 5, 'other': 0} live={'yes': 87, 'no': 7, 'abstain': 0, 'not voting': 5, 'other': 0} | Elizabeth B. Bennett-Parker (yes): local only | 258 other local bill(s) share this signature on 2026-02-17]
  [32m✓[0m  VA HB 938 (2026): vote tally matches on 2026-02-24 ({'yes': 14, 'no': 0, 'abstain': 0, 'not voting': 1, 'other': 0})
  [32m✓[0m  VA HB 938 (2026): vote tally matches on 2026-03-04 ({'yes': 15, 'no': 0, 'abstain': 0, 'not voting': 0, 'other': 0})
  [32m✓[0m  VA HB 938 (2026): vote tally matches on 2026-03-05 ({'yes': 39, 'no': 0, 'abstain': 0, 'not voting': 1, 'other': 0})
  [32m✓[0m  VA HB 938 (2026): vote tally matches on 2026-03-09 ({'yes': 40, 'no': 0, 'abstain': 0, 'not voting': 0, 'other': 0})
  [32m✓[0m  VA HB 938 (2026): sponsorship count matches (12)
  [32m✓[0m  VA HB 939 (2026): title matches
  [32m✓[0m  VA HB 939 (2026): latest_action matches
  [32m✓[0m  VA HB 939 (2026): vote event count matches (0)
  [32m✓[0m  VA HB 939 (2026): sponsorship count matches (1)
  [32m✓[0m  VA HB 952 (2026): title matches
  [33m~[0m  VA HB 952 (2026): latest_action differs  [local='acts of assembly chapter text (chap1080)' live="governor's recommendation received by house"]
  [33m~[0m  VA HB 952 (2026): local has MORE votes than live (our fix not merged?)  [local=8 live=6]
  [32m✓[0m  VA HB 952 (2026): vote tally matches on 2026-02-09 ({'yes': 10, 'no': 0, 'abstain': 0, 'not voting': 0, 'other': 0})
  [32m✓[0m  VA HB 952 (2026): vote tally matches on 2026-02-11 ({'yes': 22, 'no': 0, 'abstain': 0, 'not voting': 0, 'other': 0})
  [33m~[0m  VA HB 952 (2026): vote tally differs on 2026-02-17  [local={'yes': 97, 'no': 0, 'abstain': 0, 'not voting': 3, 'other': 0} live={'yes': 96, 'no': 0, 'abstain': 0, 'not voting': 3, 'other': 0} | Elizabeth B. Bennett-Parker (yes): local only | 258 other local bill(s) share this signature on 2026-02-17]
  [32m✓[0m  VA HB 952 (2026): vote tally matches on 2026-03-03 ({'yes': 15, 'no': 0, 'abstain': 0, 'not voting': 0, 'other': 0})
  [32m✓[0m  VA HB 952 (2026): vote tally matches on 2026-03-05 ({'yes': 39, 'no': 0, 'abstain': 0, 'not voting': 1, 'other': 0})
  [32m✓[0m  VA HB 952 (2026): vote tally matches on 2026-03-09 ({'yes': 40, 'no': 0, 'abstain': 0, 'not voting': 0, 'other': 0})
  [32m✓[0m  VA HB 952 (2026): sponsorship count matches (2)
  [32m✓[0m  VA HB 958 (2026): title matches
  [32m✓[0m  VA HB 958 (2026): latest_action matches
  [32m✓[0m  VA HB 958 (2026): vote event count matches (4)
  [32m✓[0m  VA HB 958 (2026): vote tally matches on 2026-02-02 ({'yes': 9, 'no': 0, 'abstain': 0, 'not voting': 2, 'other': 0})
  [32m✓[0m  VA HB 958 (2026): vote tally matches on 2026-02-04 ({'yes': 22, 'no': 0, 'abstain': 0, 'not voting': 0, 'other': 0})
  [32m✓[0m  VA HB 958 (2026): vote tally matches on 2026-02-10 ({'yes': 96, 'no': 1, 'abstain': 1, 'not voting': 2, 'other': 0})
  [32m✓[0m  VA HB 958 (2026): vote tally matches on 2026-03-03 ({'yes': 14, 'no': 1, 'abstain': 0, 'not voting': 0, 'other': 0})
  [32m✓[0m  VA HB 958 (2026): sponsorship count matches (1)
  [32m✓[0m  VA HB 964 (2026): title matches
  [33m~[0m  VA HB 964 (2026): latest_action differs  [local='acts of assembly chapter text (chap1081)' live="governor's recommendation received by house"]
  [33m~[0m  VA HB 964 (2026): local has MORE votes than live (our fix not merged?)  [local=10 live=8]
  [32m✓[0m  VA HB 964 (2026): vote tally matches on 2026-02-06 ({'yes': 6, 'no': 2, 'abstain': 0, 'not voting': 0, 'other': 0})
  [32m✓[0m  VA HB 964 (2026): vote tally matches on 2026-02-06 ({'yes': 16, 'no': 6, 'abstain': 0, 'not voting': 0, 'other': 0})
  [32m✓[0m  VA HB 964 (2026): vote tally matches on 2026-02-12 ({'yes': 63, 'no': 34, 'abstain': 0, 'not voting': 3, 'other': 0})
  [32m✓[0m  VA HB 964 (2026): vote tally matches on 2026-02-24 ({'yes': 8, 'no': 7, 'abstain': 0, 'not voting': 0, 'other': 0})
  [32m✓[0m  VA HB 964 (2026): vote tally matches on 2026-03-03 ({'yes': 40, 'no': 0, 'abstain': 0, 'not voting': 0, 'other': 0})
  [32m✓[0m  VA HB 964 (2026): vote tally matches on 2026-03-03 ({'yes': 10, 'no': 5, 'abstain': 0, 'not voting': 0, 'other': 0})
  [32m✓[0m  VA HB 964 (2026): vote tally matches on 2026-03-04 ({'yes': 21, 'no': 18, 'abstain': 0, 'not voting': 1, 'other': 0})
  [32m✓[0m  VA HB 964 (2026): vote tally matches on 2026-03-06 ({'yes': 63, 'no': 33, 'abstain': 0, 'not voting': 3, 'other': 0})
  [32m✓[0m  VA HB 964 (2026): sponsorship count matches (36)
  [32m✓[0m  VA HB 991 (2026): title matches
  [32m✓[0m  VA HB 991 (2026): latest_action matches
  [32m✓[0m  VA HB 991 (2026): vote event count matches (1)
  [32m✓[0m  VA HB 991 (2026): vote tally matches on 2026-02-02 ({'yes': 7, 'no': 2, 'abstain': 0, 'not voting': 2, 'other': 0})
  [32m✓[0m  VA HB 991 (2026): sponsorship count matches (1)
  [32m✓[0m  VA HB 998 (2026): title matches
  [32m✓[0m  VA HB 998 (2026): latest_action matches
  [32m✓[0m  VA HB 998 (2026): vote event count matches (7)
  [32m✓[0m  VA HB 998 (2026): vote tally matches on 2026-02-10 ({'yes': 6, 'no': 3, 'abstain': 0, 'not voting': 1, 'other': 0})
  [32m✓[0m  VA HB 998 (2026): vote tally matches on 2026-02-12 ({'yes': 16, 'no': 5, 'abstain': 0, 'not voting': 1, 'other': 0})
  [33m~[0m  VA HB 998 (2026): vote tally differs on 2026-02-17  [local={'yes': 69, 'no': 28, 'abstain': 0, 'not voting': 3, 'other': 0} live={'yes': 68, 'no': 28, 'abstain': 0, 'not voting': 3, 'other': 0} | Elizabeth B. Bennett-Parker (yes): local only | 258 other local bill(s) share this signature on 2026-02-17]
  [32m✓[0m  VA HB 998 (2026): vote tally matches on 2026-02-26 ({'yes': 9, 'no': 3, 'abstain': 0, 'not voting': 3, 'other': 0})
  [32m✓[0m  VA HB 998 (2026): vote tally matches on 2026-02-27 ({'yes': 37, 'no': 0, 'abstain': 0, 'not voting': 3, 'other': 0})
  [32m✓[0m  VA HB 998 (2026): vote tally matches on 2026-03-02 ({'yes': 24, 'no': 16, 'abstain': 0, 'not voting': 0, 'other': 0})
  [32m✓[0m  VA HB 998 (2026): vote tally matches on 2026-03-04 ({'yes': 69, 'no': 25, 'abstain': 0, 'not voting': 5, 'other': 0})
  [32m✓[0m  VA HB 998 (2026): sponsorship count matches (3)
  [32m✓[0m  VA HJ 117 (2026): title matches
  [32m✓[0m  VA HJ 117 (2026): latest_action matches
  [32m✓[0m  VA HJ 117 (2026): vote event count matches (0)
  [32m✓[0m  VA HJ 117 (2026): sponsorship count matches (2)
  [32m✓[0m  VA HJ 119 (2026): title matches
  [32m✓[0m  VA HJ 119 (2026): latest_action matches
  [32m✓[0m  VA HJ 119 (2026): vote event count matches (0)
  [32m✓[0m  VA HJ 119 (2026): sponsorship count matches (4)
  [32m✓[0m  VA HJ 128 (2026): title matches
  [32m✓[0m  VA HJ 128 (2026): latest_action matches
  [32m✓[0m  VA HJ 128 (2026): vote event count matches (0)
  [32m✓[0m  VA HJ 128 (2026): sponsorship count matches (23)
    ...50/100
  [32m✓[0m  VA HJ 130 (2026): title matches
  [32m✓[0m  VA HJ 130 (2026): latest_action matches
  [32m✓[0m  VA HJ 130 (2026): vote event count matches (0)
  [32m✓[0m  VA HJ 130 (2026): sponsorship count matches (4)
  [32m✓[0m  VA HJ 153 (2026): title matches
  [32m✓[0m  VA HJ 153 (2026): latest_action matches
  [32m✓[0m  VA HJ 153 (2026): vote event count matches (0)
  [32m✓[0m  VA HJ 153 (2026): sponsorship count matches (57)
  [32m✓[0m  VA HJ 282 (2026): title matches
  [32m✓[0m  VA HJ 282 (2026): latest_action matches
  [32m✓[0m  VA HJ 282 (2026): vote event count matches (0)
  [32m✓[0m  VA HJ 282 (2026): sponsorship count matches (1)
  [32m✓[0m  VA HJ 308 (2026): title matches
  [32m✓[0m  VA HJ 308 (2026): latest_action matches
  [32m✓[0m  VA HJ 308 (2026): vote event count matches (0)
  [32m✓[0m  VA HJ 308 (2026): sponsorship count matches (2)
  [32m✓[0m  VA HJ 98 (2026): title matches
  [32m✓[0m  VA HJ 98 (2026): latest_action matches
  [32m✓[0m  VA HJ 98 (2026): vote event count matches (0)
  [32m✓[0m  VA HJ 98 (2026): sponsorship count matches (4)
  [32m✓[0m  VA HR 107 (2026): title matches
  [32m✓[0m  VA HR 107 (2026): latest_action matches
  [32m✓[0m  VA HR 107 (2026): vote event count matches (0)
  [32m✓[0m  VA HR 107 (2026): sponsorship count matches (1)
  [32m✓[0m  VA HR 156 (2026): title matches
  [32m✓[0m  VA HR 156 (2026): latest_action matches
  [32m✓[0m  VA HR 156 (2026): vote event count matches (0)
  [32m✓[0m  VA HR 156 (2026): sponsorship count matches (1)
  [32m✓[0m  VA HR 175 (2026): title matches
  [32m✓[0m  VA HR 175 (2026): latest_action matches
  [32m✓[0m  VA HR 175 (2026): vote event count matches (0)
  [32m✓[0m  VA HR 175 (2026): sponsorship count matches (1)
  [32m✓[0m  VA HR 205 (2026): title matches
  [32m✓[0m  VA HR 205 (2026): latest_action matches
  [32m✓[0m  VA HR 205 (2026): vote event count matches (0)
  [32m✓[0m  VA HR 205 (2026): sponsorship count matches (2)
  [32m✓[0m  VA HR 226 (2026): title matches
  [32m✓[0m  VA HR 226 (2026): latest_action matches
  [32m✓[0m  VA HR 226 (2026): vote event count matches (0)
  [32m✓[0m  VA HR 226 (2026): sponsorship count matches (1)
  [32m✓[0m  VA HR 297 (2026): title matches
  [32m✓[0m  VA HR 297 (2026): latest_action matches
  [32m✓[0m  VA HR 297 (2026): vote event count matches (0)
  [32m✓[0m  VA HR 297 (2026): sponsorship count matches (3)
  [32m✓[0m  VA HR 38 (2026): title matches
  [32m✓[0m  VA HR 38 (2026): latest_action matches
  [32m✓[0m  VA HR 38 (2026): vote event count matches (0)
  [32m✓[0m  VA HR 38 (2026): sponsorship count matches (1)
  [32m✓[0m  VA HR 390 (2026): title matches
  [32m✓[0m  VA HR 390 (2026): latest_action matches
  [32m✓[0m  VA HR 390 (2026): vote event count matches (0)
  [32m✓[0m  VA HR 390 (2026): sponsorship count matches (1)
  [32m✓[0m  VA HR 393 (2026): title matches
  [33m~[0m  VA HR 393 (2026): latest_action differs  [local='bill text as passed house (hr393er)' live='agreed to by house by voice vote']
  [32m✓[0m  VA HR 393 (2026): vote event count matches (0)
  [32m✓[0m  VA HR 393 (2026): sponsorship count matches (1)
  [32m✓[0m  VA HR 478 (2026): title matches
  [33m~[0m  VA HR 478 (2026): latest_action differs  [local='bill text as passed house (hr478er)' live='agreed to by house by voice vote']
  [32m✓[0m  VA HR 478 (2026): vote event count matches (0)
  [32m✓[0m  VA HR 478 (2026): sponsorship count matches (7)
  [32m✓[0m  VA HR 87 (2026): title matches
  [32m✓[0m  VA HR 87 (2026): latest_action matches
  [32m✓[0m  VA HR 87 (2026): vote event count matches (0)
  [32m✓[0m  VA HR 87 (2026): sponsorship count matches (1)
  [32m✓[0m  VA HR 94 (2026): title matches
  [32m✓[0m  VA HR 94 (2026): latest_action matches
  [32m✓[0m  VA HR 94 (2026): vote event count matches (0)
  [32m✓[0m  VA HR 94 (2026): sponsorship count matches (4)
  [32m✓[0m  VA SB 11 (2026): title matches
  [32m✓[0m  VA SB 11 (2026): latest_action matches
  [32m✓[0m  VA SB 11 (2026): vote event count matches (1)
  [32m✓[0m  VA SB 11 (2026): vote tally matches on 2026-01-20 ({'yes': 9, 'no': 6, 'abstain': 0, 'not voting': 0, 'other': 0})
  [32m✓[0m  VA SB 11 (2026): sponsorship count matches (3)
  [32m✓[0m  VA SB 231 (2026): title matches
  [32m✓[0m  VA SB 231 (2026): latest_action matches
  [32m✓[0m  VA SB 231 (2026): vote event count matches (2)
  [32m✓[0m  VA SB 231 (2026): vote tally matches on 2026-01-22 ({'yes': 14, 'no': 0, 'abstain': 0, 'not voting': 1, 'other': 0})
  [32m✓[0m  VA SB 231 (2026): vote tally matches on 2026-02-03 ({'yes': 15, 'no': 0, 'abstain': 0, 'not voting': 0, 'other': 0})
  [32m✓[0m  VA SB 231 (2026): sponsorship count matches (1)
  [33m~[0m  VA SB 299 (2026): title differs  [local='New College Institute; reconstitution of' live='New College Institute; membership and co']
  [32m✓[0m  VA SB 299 (2026): latest_action matches
  [32m✓[0m  VA SB 299 (2026): vote event count matches (9)
  [32m✓[0m  VA SB 299 (2026): vote tally matches on 2026-02-12 ({'yes': 15, 'no': 0, 'abstain': 0, 'not voting': 0, 'other': 0})
  [32m✓[0m  VA SB 299 (2026): vote tally matches on 2026-02-13 ({'yes': 36, 'no': 0, 'abstain': 0, 'not voting': 4, 'other': 0})
  [32m✓[0m  VA SB 299 (2026): vote tally matches on 2026-02-13 ({'yes': 35, 'no': 0, 'abstain': 0, 'not voting': 5, 'other': 0})
  [32m✓[0m  VA SB 299 (2026): vote tally matches on 2026-02-16 ({'yes': 39, 'no': 0, 'abstain': 0, 'not voting': 1, 'other': 0})
  [32m✓[0m  VA SB 299 (2026): vote tally matches on 2026-02-16 ({'yes': 39, 'no': 0, 'abstain': 0, 'not voting': 1, 'other': 0})
  [32m✓[0m  VA SB 299 (2026): vote tally matches on 2026-03-02 ({'yes': 8, 'no': 2, 'abstain': 0, 'not voting': 0, 'other': 0})
  [32m✓[0m  VA SB 299 (2026): vote tally matches on 2026-03-04 ({'yes': 18, 'no': 3, 'abstain': 0, 'not voting': 1, 'other': 0})
  [32m✓[0m  VA SB 299 (2026): vote tally matches on 2026-03-09 ({'yes': 92, 'no': 5, 'abstain': 0, 'not voting': 2, 'other': 0})
  [32m✓[0m  VA SB 299 (2026): vote tally matches on 2026-03-10 ({'yes': 40, 'no': 0, 'abstain': 0, 'not voting': 0, 'other': 0})
  [32m✓[0m  VA SB 299 (2026): sponsorship count matches (1)
  [32m✓[0m  VA SB 340 (2026): title matches
  [32m✓[0m  VA SB 340 (2026): latest_action matches
  [32m✓[0m  VA SB 340 (2026): vote event count matches (8)
  [32m✓[0m  VA SB 340 (2026): vote tally matches on 2026-02-03 ({'yes': 12, 'no': 2, 'abstain': 0, 'not voting': 1, 'other': 0})
  [32m✓[0m  VA SB 340 (2026): vote tally matches on 2026-02-05 ({'yes': 40, 'no': 0, 'abstain': 0, 'not voting': 0, 'other': 0})
  [32m✓[0m  VA SB 340 (2026): vote tally matches on 2026-02-09 ({'yes': 40, 'no': 0, 'abstain': 0, 'not voting': 0, 'other': 0})
  [33m~[0m  VA SB 340 (2026): vote tally differs on 2026-02-09  [local={'yes': 27, 'no': 13, 'abstain': 0, 'not voting': 0, 'other': 0} live={'yes': 25, 'no': 15, 'abstain': 0, 'not voting': 0, 'other': 0} | David R. Suetterlein (yes): local only; Tara A. Durant (yes): local only; David R. Suetterlein (no): live only; Tara A. Durant (no): live only | 74 other local bill(s) share this signature on 2026-02-09]
  [33m~[0m  VA SB 340 (2026): vote tally differs on 2026-02-09  [local={'yes': 25, 'no': 15, 'abstain': 0, 'not voting': 0, 'other': 0} live={'yes': 27, 'no': 13, 'abstain': 0, 'not voting': 0, 'other': 0} | David R. Suetterlein (no): local only; Tara A. Durant (no): local only; David R. Suetterlein (yes): live only; Tara A. Durant (yes): live only | 74 other local bill(s) share this signature on 2026-02-09]
  [32m✓[0m  VA SB 340 (2026): vote tally matches on 2026-02-19 ({'yes': 15, 'no': 5, 'abstain': 0, 'not voting': 2, 'other': 0})
  [32m✓[0m  VA SB 340 (2026): vote tally matches on 2026-02-24 ({'yes': 68, 'no': 30, 'abstain': 0, 'not voting': 1, 'other': 0})
  [32m✓[0m  VA SB 340 (2026): vote tally matches on 2026-02-26 ({'yes': 28, 'no': 12, 'abstain': 0, 'not voting': 0, 'other': 0})
  [32m✓[0m  VA SB 340 (2026): sponsorship count matches (1)
  [33m~[0m  VA SB 430 (2026): title differs  [local='Service employees; authority of local go' live='Authority of local governments; service ']
  [32m✓[0m  VA SB 430 (2026): latest_action matches
  [32m✓[0m  VA SB 430 (2026): vote event count matches (6)
  [32m✓[0m  VA SB 430 (2026): vote tally matches on 2026-01-28 ({'yes': 9, 'no': 5, 'abstain': 0, 'not voting': 1, 'other': 0})
  [32m✓[0m  VA SB 430 (2026): vote tally matches on 2026-02-03 ({'yes': 10, 'no': 4, 'abstain': 0, 'not voting': 1, 'other': 0})
  [32m✓[0m  VA SB 430 (2026): vote tally matches on 2026-02-04 ({'yes': 40, 'no': 0, 'abstain': 0, 'not voting': 0, 'other': 0})
  [32m✓[0m  VA SB 430 (2026): vote tally matches on 2026-02-06 ({'yes': 21, 'no': 19, 'abstain': 0, 'not voting': 0, 'other': 0})
  [32m✓[0m  VA SB 430 (2026): vote tally matches on 2026-02-19 ({'yes': 14, 'no': 6, 'abstain': 0, 'not voting': 2, 'other': 0})
  [32m✓[0m  VA SB 430 (2026): vote tally matches on 2026-02-24 ({'yes': 63, 'no': 34, 'abstain': 0, 'not voting': 2, 'other': 0})
  [32m✓[0m  VA SB 430 (2026): sponsorship count matches (1)
  [32m✓[0m  VA SB 433 (2026): title matches
  [33m~[0m  VA SB 433 (2026): latest_action differs  [local='acts of assembly chapter text (chap0890)' live='approved by governor-chapter 890 (effective 7/1/20']
  [32m✓[0m  VA SB 433 (2026): vote event count matches (6)
  [32m✓[0m  VA SB 433 (2026): vote tally matches on 2026-02-02 ({'yes': 9, 'no': 6, 'abstain': 0, 'not voting': 0, 'other': 0})
  [32m✓[0m  VA SB 433 (2026): vote tally matches on 2026-02-04 ({'yes': 40, 'no': 0, 'abstain': 0, 'not voting': 0, 'other': 0})
  [32m✓[0m  VA SB 433 (2026): vote tally matches on 2026-02-06 ({'yes': 21, 'no': 19, 'abstain': 0, 'not voting': 0, 'other': 0})
  [32m✓[0m  VA SB 433 (2026): vote tally matches on 2026-02-26 ({'yes': 4, 'no': 2, 'abstain': 0, 'not voting': 1, 'other': 0})
  [32m✓[0m  VA SB 433 (2026): vote tally matches on 2026-03-03 ({'yes': 15, 'no': 7, 'abstain': 0, 'not voting': 0, 'other': 0})
  [32m✓[0m  VA SB 433 (2026): vote tally matches on 2026-03-06 ({'yes': 64, 'no': 34, 'abstain': 0, 'not voting': 1, 'other': 0})
  [32m✓[0m  VA SB 433 (2026): sponsorship count matches (1)
  [32m✓[0m  VA SB 454 (2026): title matches
  [32m✓[0m  VA SB 454 (2026): latest_action matches
  [32m✓[0m  VA SB 454 (2026): vote event count matches (6)
  [32m✓[0m  VA SB 454 (2026): vote tally matches on 2026-02-02 ({'yes': 8, 'no': 4, 'abstain': 3, 'not voting': 0, 'other': 0})
  [32m✓[0m  VA SB 454 (2026): vote tally matches on 2026-02-03 ({'yes': 39, 'no': 0, 'abstain': 0, 'not voting': 1, 'other': 0})
  [32m✓[0m  VA SB 454 (2026): vote tally matches on 2026-02-05 ({'yes': 40, 'no': 0, 'abstain': 0, 'not voting': 0, 'other': 0})
  [32m✓[0m  VA SB 454 (2026): vote tally matches on 2026-02-05 ({'yes': 21, 'no': 19, 'abstain': 0, 'not voting': 0, 'other': 0})
  [32m✓[0m  VA SB 454 (2026): vote tally matches on 2026-02-05 ({'yes': 40, 'no': 0, 'abstain': 0, 'not voting': 0, 'other': 0})
  [32m✓[0m  VA SB 454 (2026): vote tally matches on 2026-02-27 ({'yes': 11, 'no': 10, 'abstain': 0, 'not voting': 0, 'other': 0})
  [32m✓[0m  VA SB 454 (2026): sponsorship count matches (8)
  [32m✓[0m  VA SB 488 (2026): title matches
  [32m✓[0m  VA SB 488 (2026): latest_action matches
  [32m✓[0m  VA SB 488 (2026): vote event count matches (2)
  [32m✓[0m  VA SB 488 (2026): vote tally matches on 2026-01-21 ({'yes': 14, 'no': 0, 'abstain': 0, 'not voting': 1, 'other': 0})
  [32m✓[0m  VA SB 488 (2026): vote tally matches on 2026-02-09 ({'yes': 11, 'no': 0, 'abstain': 0, 'not voting': 4, 'other': 0})
  [32m✓[0m  VA SB 488 (2026): sponsorship count matches (1)
    ...75/100
  [32m✓[0m  VA SB 541 (2026): title matches
  [32m✓[0m  VA SB 541 (2026): latest_action matches
  [32m✓[0m  VA SB 541 (2026): vote event count matches (4)
  [32m✓[0m  VA SB 541 (2026): vote tally matches on 2026-02-11 ({'yes': 11, 'no': 4, 'abstain': 0, 'not voting': 0, 'other': 0})
  [33m~[0m  VA SB 541 (2026): vote tally differs on 2026-02-13  [local={'yes': 35, 'no': 0, 'abstain': 0, 'not voting': 5, 'other': 0} live={'yes': 36, 'no': 0, 'abstain': 0, 'not voting': 4, 'other': 0} | Christopher T. Head (not voting): local only; Christopher T. Head (yes): live only | 132 other local bill(s) share this signature on 2026-02-13]
  [33m~[0m  VA SB 541 (2026): vote tally differs on 2026-02-13  [local={'yes': 36, 'no': 0, 'abstain': 0, 'not voting': 4, 'other': 0} live={'yes': 35, 'no': 0, 'abstain': 0, 'not voting': 5, 'other': 0} | Christopher T. Head (yes): local only; Christopher T. Head (not voting): live only | 132 other local bill(s) share this signature on 2026-02-13]
  [32m✓[0m  VA SB 541 (2026): vote tally matches on 2026-02-17 ({'yes': 24, 'no': 16, 'abstain': 0, 'not voting': 0, 'other': 0})
  [32m✓[0m  VA SB 541 (2026): sponsorship count matches (3)
  [32m✓[0m  VA SB 549 (2026): title matches
  [32m✓[0m  VA SB 549 (2026): latest_action matches
  [32m✓[0m  VA SB 549 (2026): vote event count matches (1)
  [32m✓[0m  VA SB 549 (2026): vote tally matches on 2026-01-30 ({'yes': 4, 'no': 10, 'abstain': 0, 'not voting': 1, 'other': 0})
  [32m✓[0m  VA SB 549 (2026): sponsorship count matches (2)
  [32m✓[0m  VA SB 572 (2026): title matches
  [32m✓[0m  VA SB 572 (2026): latest_action matches
  [32m✓[0m  VA SB 572 (2026): vote event count matches (1)
  [32m✓[0m  VA SB 572 (2026): vote tally matches on 2026-01-28 ({'yes': 14, 'no': 0, 'abstain': 0, 'not voting': 1, 'other': 0})
  [32m✓[0m  VA SB 572 (2026): sponsorship count matches (1)
  [32m✓[0m  VA SB 596 (2026): title matches
  [32m✓[0m  VA SB 596 (2026): latest_action matches
  [32m✓[0m  VA SB 596 (2026): vote event count matches (11)
  [32m✓[0m  VA SB 596 (2026): vote tally matches on 2026-02-05 ({'yes': 11, 'no': 4, 'abstain': 0, 'not voting': 0, 'other': 0})
  [32m✓[0m  VA SB 596 (2026): vote tally matches on 2026-02-06 ({'yes': 39, 'no': 0, 'abstain': 0, 'not voting': 1, 'other': 0})
  [32m✓[0m  VA SB 596 (2026): vote tally matches on 2026-02-10 ({'yes': 24, 'no': 15, 'abstain': 0, 'not voting': 1, 'other': 0})
  [32m✓[0m  VA SB 596 (2026): vote tally matches on 2026-02-19 ({'yes': 14, 'no': 7, 'abstain': 0, 'not voting': 1, 'other': 0})
  [32m✓[0m  VA SB 596 (2026): vote tally matches on 2026-02-24 ({'yes': 65, 'no': 33, 'abstain': 0, 'not voting': 1, 'other': 0})
  [32m✓[0m  VA SB 596 (2026): vote tally matches on 2026-02-26 ({'yes': 40, 'no': 0, 'abstain': 0, 'not voting': 0, 'other': 0})
  [32m✓[0m  VA SB 596 (2026): vote tally matches on 2026-02-26 ({'yes': 23, 'no': 17, 'abstain': 0, 'not voting': 0, 'other': 0})
  [32m✓[0m  VA SB 596 (2026): vote tally matches on 2026-02-26 ({'yes': 0, 'no': 40, 'abstain': 0, 'not voting': 0, 'other': 0})
  [32m✓[0m  VA SB 596 (2026): vote tally matches on 2026-03-03 ({'yes': 40, 'no': 0, 'abstain': 0, 'not voting': 0, 'other': 0})
  [32m✓[0m  VA SB 596 (2026): vote tally matches on 2026-03-12 ({'yes': 64, 'no': 32, 'abstain': 0, 'not voting': 3, 'other': 0})
  [32m✓[0m  VA SB 596 (2026): vote tally matches on 2026-03-13 ({'yes': 24, 'no': 15, 'abstain': 0, 'not voting': 1, 'other': 0})
  [32m✓[0m  VA SB 596 (2026): sponsorship count matches (4)
  [32m✓[0m  VA SB 612 (2026): title matches
  [33m~[0m  VA SB 612 (2026): latest_action differs  [local='acts of assembly chapter text (chap0827)' live='approved by governor-chapter 827 (effective 7/1/20']
  [32m✓[0m  VA SB 612 (2026): vote event count matches (5)
  [32m✓[0m  VA SB 612 (2026): vote tally matches on 2026-01-27 ({'yes': 11, 'no': 3, 'abstain': 0, 'not voting': 1, 'other': 0})
  [32m✓[0m  VA SB 612 (2026): vote tally matches on 2026-01-28 ({'yes': 40, 'no': 0, 'abstain': 0, 'not voting': 0, 'other': 0})
  [32m✓[0m  VA SB 612 (2026): vote tally matches on 2026-01-30 ({'yes': 23, 'no': 15, 'abstain': 0, 'not voting': 2, 'other': 0})
  [32m✓[0m  VA SB 612 (2026): vote tally matches on 2026-02-18 ({'yes': 18, 'no': 3, 'abstain': 0, 'not voting': 1, 'other': 0})
  [32m✓[0m  VA SB 612 (2026): vote tally matches on 2026-02-23 ({'yes': 74, 'no': 23, 'abstain': 0, 'not voting': 2, 'other': 0})
  [32m✓[0m  VA SB 612 (2026): sponsorship count matches (2)
  [32m✓[0m  VA SB 623 (2026): title matches
  [32m✓[0m  VA SB 623 (2026): latest_action matches
  [32m✓[0m  VA SB 623 (2026): vote event count matches (1)
  [32m✓[0m  VA SB 623 (2026): vote tally matches on 2026-01-27 ({'yes': 11, 'no': 0, 'abstain': 0, 'not voting': 4, 'other': 0})
  [32m✓[0m  VA SB 623 (2026): sponsorship count matches (1)
  [32m✓[0m  VA SB 721 (2026): title matches
  [32m✓[0m  VA SB 721 (2026): latest_action matches
  [32m✓[0m  VA SB 721 (2026): vote event count matches (2)
  [32m✓[0m  VA SB 721 (2026): vote tally matches on 2026-02-05 ({'yes': 15, 'no': 0, 'abstain': 0, 'not voting': 0, 'other': 0})
  [32m✓[0m  VA SB 721 (2026): vote tally matches on 2026-02-12 ({'yes': 13, 'no': 0, 'abstain': 0, 'not voting': 2, 'other': 0})
  [32m✓[0m  VA SB 721 (2026): sponsorship count matches (1)
  [32m✓[0m  VA SB 738 (2026): title matches
  [32m✓[0m  VA SB 738 (2026): latest_action matches
  [32m✓[0m  VA SB 738 (2026): vote event count matches (6)
  [32m✓[0m  VA SB 738 (2026): vote tally matches on 2026-02-12 ({'yes': 14, 'no': 0, 'abstain': 1, 'not voting': 0, 'other': 0})
  [33m~[0m  VA SB 738 (2026): vote tally differs on 2026-02-13  [local={'yes': 35, 'no': 0, 'abstain': 0, 'not voting': 5, 'other': 0} live={'yes': 36, 'no': 0, 'abstain': 0, 'not voting': 4, 'other': 0} | Christopher T. Head (not voting): local only; Christopher T. Head (yes): live only | 132 other local bill(s) share this signature on 2026-02-13]
  [33m~[0m  VA SB 738 (2026): vote tally differs on 2026-02-13  [local={'yes': 36, 'no': 0, 'abstain': 0, 'not voting': 4, 'other': 0} live={'yes': 35, 'no': 0, 'abstain': 0, 'not voting': 5, 'other': 0} | Christopher T. Head (yes): local only; Christopher T. Head (not voting): live only | 132 other local bill(s) share this signature on 2026-02-13]
  [32m✓[0m  VA SB 738 (2026): vote tally matches on 2026-02-17 ({'yes': 40, 'no': 0, 'abstain': 0, 'not voting': 0, 'other': 0})
  [32m✓[0m  VA SB 738 (2026): vote tally matches on 2026-02-24 ({'yes': 20, 'no': 2, 'abstain': 0, 'not voting': 0, 'other': 0})
  [32m✓[0m  VA SB 738 (2026): vote tally matches on 2026-02-27 ({'yes': 92, 'no': 4, 'abstain': 0, 'not voting': 3, 'other': 0})
  [32m✓[0m  VA SB 738 (2026): sponsorship count matches (1)
  [31m✗[0m  VA SB 750 (2026): live API error  [HTTPSConnectionPool(host='v3.openstates.org', port=443): Read timed out. (read timeout=15)]
  [32m✓[0m  VA SB 796 (2026): title matches
  [32m✓[0m  VA SB 796 (2026): latest_action matches
  [32m✓[0m  VA SB 796 (2026): vote event count matches (6)
  [32m✓[0m  VA SB 796 (2026): vote tally matches on 2026-02-11 ({'yes': 14, 'no': 0, 'abstain': 1, 'not voting': 0, 'other': 0})
  [32m✓[0m  VA SB 796 (2026): vote tally matches on 2026-02-13 ({'yes': 36, 'no': 0, 'abstain': 0, 'not voting': 4, 'other': 0})
  [32m✓[0m  VA SB 796 (2026): vote tally matches on 2026-02-13 ({'yes': 35, 'no': 0, 'abstain': 0, 'not voting': 5, 'other': 0})
  [32m✓[0m  VA SB 796 (2026): vote tally matches on 2026-02-17 ({'yes': 40, 'no': 0, 'abstain': 0, 'not voting': 0, 'other': 0})
  [32m✓[0m  VA SB 796 (2026): vote tally matches on 2026-02-17 ({'yes': 39, 'no': 1, 'abstain': 0, 'not voting': 0, 'other': 0})
  [32m✓[0m  VA SB 796 (2026): vote tally matches on 2026-02-17 ({'yes': 40, 'no': 0, 'abstain': 0, 'not voting': 0, 'other': 0})
  [32m✓[0m  VA SB 796 (2026): sponsorship count matches (4)
  [32m✓[0m  VA SB 820 (2026): title matches
  [32m✓[0m  VA SB 820 (2026): latest_action matches
  [32m✓[0m  VA SB 820 (2026): vote event count matches (8)
  [32m✓[0m  VA SB 820 (2026): vote tally matches on 2026-02-12 ({'yes': 15, 'no': 0, 'abstain': 0, 'not voting': 0, 'other': 0})
  [32m✓[0m  VA SB 820 (2026): vote tally matches on 2026-02-13 ({'yes': 36, 'no': 0, 'abstain': 0, 'not voting': 4, 'other': 0})
  [32m✓[0m  VA SB 820 (2026): vote tally matches on 2026-02-13 ({'yes': 35, 'no': 0, 'abstain': 0, 'not voting': 5, 'other': 0})
  [32m✓[0m  VA SB 820 (2026): vote tally matches on 2026-02-16 ({'yes': 39, 'no': 0, 'abstain': 0, 'not voting': 1, 'other': 0})
  [32m✓[0m  VA SB 820 (2026): vote tally matches on 2026-02-16 ({'yes': 39, 'no': 0, 'abstain': 0, 'not voting': 1, 'other': 0})
  [32m✓[0m  VA SB 820 (2026): vote tally matches on 2026-02-25 ({'yes': 22, 'no': 0, 'abstain': 0, 'not voting': 0, 'other': 0})
  [32m✓[0m  VA SB 820 (2026): vote tally matches on 2026-03-02 ({'yes': 96, 'no': 2, 'abstain': 0, 'not voting': 1, 'other': 0})
  [32m✓[0m  VA SB 820 (2026): vote tally matches on 2026-03-04 ({'yes': 40, 'no': 0, 'abstain': 0, 'not voting': 0, 'other': 0})
  [32m✓[0m  VA SB 820 (2026): sponsorship count matches (1)
  [32m✓[0m  VA SJ 196 (2026): title matches
  [32m✓[0m  VA SJ 196 (2026): latest_action matches
  [32m✓[0m  VA SJ 196 (2026): vote event count matches (0)
  [32m✓[0m  VA SJ 196 (2026): sponsorship count matches (2)
  [32m✓[0m  VA SJ 229 (2026): title matches
  [32m✓[0m  VA SJ 229 (2026): latest_action matches
  [32m✓[0m  VA SJ 229 (2026): vote event count matches (0)
  [32m✓[0m  VA SJ 229 (2026): sponsorship count matches (1)
  [32m✓[0m  VA SJ 250 (2026): title matches
  [32m✓[0m  VA SJ 250 (2026): latest_action matches
  [32m✓[0m  VA SJ 250 (2026): vote event count matches (0)
  [32m✓[0m  VA SJ 250 (2026): sponsorship count matches (3)
  [32m✓[0m  VA SJ 276 (2026): title matches
  [32m✓[0m  VA SJ 276 (2026): latest_action matches
  [32m✓[0m  VA SJ 276 (2026): vote event count matches (0)
  [32m✓[0m  VA SJ 276 (2026): sponsorship count matches (3)
  [32m✓[0m  VA SJ 291 (2026): title matches
  [32m✓[0m  VA SJ 291 (2026): latest_action matches
  [32m✓[0m  VA SJ 291 (2026): vote event count matches (0)
  [32m✓[0m  VA SJ 291 (2026): sponsorship count matches (2)
  [32m✓[0m  VA SR 110 (2026): title matches
  [32m✓[0m  VA SR 110 (2026): latest_action matches
  [32m✓[0m  VA SR 110 (2026): vote event count matches (0)
  [32m✓[0m  VA SR 110 (2026): sponsorship count matches (1)
  [32m✓[0m  VA SR 117 (2026): title matches
  [32m✓[0m  VA SR 117 (2026): latest_action matches
  [32m✓[0m  VA SR 117 (2026): vote event count matches (0)
  [32m✓[0m  VA SR 117 (2026): sponsorship count matches (40)
  [32m✓[0m  VA SR 12 (2026): title matches
  [32m✓[0m  VA SR 12 (2026): latest_action matches
  [32m✓[0m  VA SR 12 (2026): vote event count matches (0)
  [32m✓[0m  VA SR 12 (2026): sponsorship count matches (1)
  [32m✓[0m  VA SR 128 (2026): title matches
  [32m✓[0m  VA SR 128 (2026): latest_action matches
  [32m✓[0m  VA SR 128 (2026): vote event count matches (0)
  [32m✓[0m  VA SR 128 (2026): sponsorship count matches (1)
  [32m✓[0m  VA SR 20 (2026): title matches
  [32m✓[0m  VA SR 20 (2026): latest_action matches
  [32m✓[0m  VA SR 20 (2026): vote event count matches (0)
  [32m✓[0m  VA SR 20 (2026): sponsorship count matches (1)
  [32m✓[0m  VA SR 31 (2026): title matches
  [32m✓[0m  VA SR 31 (2026): latest_action matches
  [32m✓[0m  VA SR 31 (2026): vote event count matches (0)
  [32m✓[0m  VA SR 31 (2026): sponsorship count matches (1)
  [32m✓[0m  VA SR 79 (2026): title matches
  [32m✓[0m  VA SR 79 (2026): latest_action matches
  [32m✓[0m  VA SR 79 (2026): vote event count matches (0)
  [32m✓[0m  VA SR 79 (2026): sponsorship count matches (1)
  [32m✓[0m  VA SR 93 (2026): title matches
  [32m✓[0m  VA SR 93 (2026): latest_action matches
  [32m✓[0m  VA SR 93 (2026): vote event count matches (0)
  [32m✓[0m  VA SR 93 (2026): sponsorship count matches (1)

────────────────────────────────────────────────────────────
  674/715 passed  |  40 warnings  |  1 failures  |  0 skipped
────────────────────────────────────────────────────────────
