
════════════════════════════════════════════════════════════
  COVERAGE CHECK: WA 2025-2026
════════════════════════════════════════════════════════════
  Fetching full identifier set from live API (paginated)...
    ...page 50/171, 1000 identifiers so far
    ...page 81 failed (HTTPError), retry 1/3 in 1s
    ...page 81 failed (HTTPError), retry 2/3 in 2s
    ...page 81 failed (HTTPError), retry 3/3 in 4s
    ...page 100/171, 2000 identifiers so far
    ...page 150/171, 3000 identifiers so far
  live=3413  local=3411  missing=2  extra=0  both=3411
  [31m✗[0m  WA 2025-2026: Tier 1 coverage — 2 bills exist live but not locally at all
  Running Tier 2 sub-record checks on 100 of 3411 bills present in both...
  [32m✓[0m  WA HB 1028 (2025-2026): title matches
  [32m✓[0m  WA HB 1028 (2025-2026): latest_action matches
  [32m✓[0m  WA HB 1028 (2025-2026): vote event count matches (2)
  [32m✓[0m  WA HB 1028 (2025-2026): vote tally matches on 2025-02-06 ({'yes': 94, 'no': 2, 'other': 2})
  [32m✓[0m  WA HB 1028 (2025-2026): vote tally matches on 2025-04-08 ({'yes': 47, 'no': 2, 'other': 0})
  [32m✓[0m  WA HB 1028 (2025-2026): sponsorship count matches (6)
    ...0/100
  [32m✓[0m  WA HB 1039 (2025-2026): title matches
  [32m✓[0m  WA HB 1039 (2025-2026): latest_action matches
  [32m✓[0m  WA HB 1039 (2025-2026): vote event count matches (3)
  [32m✓[0m  WA HB 1039 (2025-2026): vote tally matches on 2025-02-13 ({'yes': 93, 'no': 0, 'other': 5})
  [32m✓[0m  WA HB 1039 (2025-2026): vote tally matches on 2025-03-26 ({'yes': 49, 'no': 0, 'other': 0})
  [32m✓[0m  WA HB 1039 (2025-2026): vote tally matches on 2025-04-19 ({'yes': 95, 'no': 0, 'other': 3})
  [32m✓[0m  WA HB 1039 (2025-2026): sponsorship count matches (2)
  [31m✗[0m  WA HB 1092 (2025-2026): live API error  [HTTPSConnectionPool(host='v3.openstates.org', port=443): Read timed out. (read timeout=15)]
  [32m✓[0m  WA HB 1113 (2025-2026): title matches
  [32m✓[0m  WA HB 1113 (2025-2026): latest_action matches
  [32m✓[0m  WA HB 1113 (2025-2026): vote event count matches (1)
  [32m✓[0m  WA HB 1113 (2025-2026): vote tally matches on 2025-03-08 ({'yes': 50, 'no': 46, 'other': 2})
  [32m✓[0m  WA HB 1113 (2025-2026): sponsorship count matches (26)
  [32m✓[0m  WA HB 1148 (2025-2026): title matches
  [32m✓[0m  WA HB 1148 (2025-2026): latest_action matches
  [32m✓[0m  WA HB 1148 (2025-2026): vote event count matches (0)
  [32m✓[0m  WA HB 1148 (2025-2026): sponsorship count matches (5)
  [32m✓[0m  WA HB 1160 (2025-2026): title matches
  [32m✓[0m  WA HB 1160 (2025-2026): latest_action matches
  [32m✓[0m  WA HB 1160 (2025-2026): vote event count matches (0)
  [32m✓[0m  WA HB 1160 (2025-2026): sponsorship count matches (4)
  [32m✓[0m  WA HB 1163 (2025-2026): title matches
  [32m✓[0m  WA HB 1163 (2025-2026): latest_action matches
  [32m✓[0m  WA HB 1163 (2025-2026): vote event count matches (3)
  [32m✓[0m  WA HB 1163 (2025-2026): vote tally matches on 2025-03-08 ({'yes': 58, 'no': 38, 'other': 2})
  [32m✓[0m  WA HB 1163 (2025-2026): vote tally matches on 2025-04-14 ({'yes': 29, 'no': 19, 'other': 1})
  [32m✓[0m  WA HB 1163 (2025-2026): vote tally matches on 2025-04-22 ({'yes': 57, 'no': 39, 'other': 2})
  [32m✓[0m  WA HB 1163 (2025-2026): sponsorship count matches (32)
  [32m✓[0m  WA HB 1195 (2025-2026): title matches
  [32m✓[0m  WA HB 1195 (2025-2026): latest_action matches
  [32m✓[0m  WA HB 1195 (2025-2026): vote event count matches (0)
  [32m✓[0m  WA HB 1195 (2025-2026): sponsorship count matches (21)
  [32m✓[0m  WA HB 1196 (2025-2026): title matches
  [32m✓[0m  WA HB 1196 (2025-2026): latest_action matches
  [32m✓[0m  WA HB 1196 (2025-2026): vote event count matches (0)
  [32m✓[0m  WA HB 1196 (2025-2026): sponsorship count matches (5)
  [32m✓[0m  WA HB 1254 (2025-2026): title matches
  [32m✓[0m  WA HB 1254 (2025-2026): latest_action matches
  [32m✓[0m  WA HB 1254 (2025-2026): vote event count matches (0)
  [32m✓[0m  WA HB 1254 (2025-2026): sponsorship count matches (7)
  [32m✓[0m  WA HB 1322 (2025-2026): title matches
  [32m✓[0m  WA HB 1322 (2025-2026): latest_action matches
  [32m✓[0m  WA HB 1322 (2025-2026): vote event count matches (0)
  [32m✓[0m  WA HB 1322 (2025-2026): sponsorship count matches (8)
  [32m✓[0m  WA HB 1328 (2025-2026): title matches
  [32m✓[0m  WA HB 1328 (2025-2026): latest_action matches
  [32m✓[0m  WA HB 1328 (2025-2026): vote event count matches (0)
  [32m✓[0m  WA HB 1328 (2025-2026): sponsorship count matches (14)
  [32m✓[0m  WA HB 1336 (2025-2026): title matches
  [32m✓[0m  WA HB 1336 (2025-2026): latest_action matches
  [32m✓[0m  WA HB 1336 (2025-2026): vote event count matches (0)
  [32m✓[0m  WA HB 1336 (2025-2026): sponsorship count matches (2)
  [32m✓[0m  WA HB 1354 (2025-2026): title matches
  [32m✓[0m  WA HB 1354 (2025-2026): latest_action matches
  [32m✓[0m  WA HB 1354 (2025-2026): vote event count matches (0)
  [32m✓[0m  WA HB 1354 (2025-2026): sponsorship count matches (19)
  [32m✓[0m  WA HB 1360 (2025-2026): title matches
  [32m✓[0m  WA HB 1360 (2025-2026): latest_action matches
  [32m✓[0m  WA HB 1360 (2025-2026): vote event count matches (0)
  [32m✓[0m  WA HB 1360 (2025-2026): sponsorship count matches (6)
  [32m✓[0m  WA HB 1551 (2025-2026): title matches
  [32m✓[0m  WA HB 1551 (2025-2026): latest_action matches
  [32m✓[0m  WA HB 1551 (2025-2026): vote event count matches (1)
  [32m✓[0m  WA HB 1551 (2025-2026): vote tally matches on 2025-03-05 ({'yes': 57, 'no': 39, 'other': 2})
  [32m✓[0m  WA HB 1551 (2025-2026): sponsorship count matches (8)
  [32m✓[0m  WA HB 1553 (2025-2026): title matches
  [32m✓[0m  WA HB 1553 (2025-2026): latest_action matches
  [32m✓[0m  WA HB 1553 (2025-2026): vote event count matches (2)
  [32m✓[0m  WA HB 1553 (2025-2026): vote tally matches on 2025-03-05 ({'yes': 97, 'no': 0, 'other': 1})
  [32m✓[0m  WA HB 1553 (2025-2026): vote tally matches on 2025-04-02 ({'yes': 49, 'no': 0, 'other': 0})
  [32m✓[0m  WA HB 1553 (2025-2026): sponsorship count matches (6)
  [32m✓[0m  WA HB 1571 (2025-2026): title matches
  [32m✓[0m  WA HB 1571 (2025-2026): latest_action matches
  [32m✓[0m  WA HB 1571 (2025-2026): vote event count matches (0)
  [32m✓[0m  WA HB 1571 (2025-2026): sponsorship count matches (7)
  [32m✓[0m  WA HB 1591 (2025-2026): title matches
  [32m✓[0m  WA HB 1591 (2025-2026): latest_action matches
  [32m✓[0m  WA HB 1591 (2025-2026): vote event count matches (0)
  [32m✓[0m  WA HB 1591 (2025-2026): sponsorship count matches (10)
  [32m✓[0m  WA HB 1716 (2025-2026): title matches
  [32m✓[0m  WA HB 1716 (2025-2026): latest_action matches
  [32m✓[0m  WA HB 1716 (2025-2026): vote event count matches (0)
  [32m✓[0m  WA HB 1716 (2025-2026): sponsorship count matches (4)
  [32m✓[0m  WA HB 1733 (2025-2026): title matches
  [32m✓[0m  WA HB 1733 (2025-2026): latest_action matches
  [32m✓[0m  WA HB 1733 (2025-2026): vote event count matches (3)
  [32m✓[0m  WA HB 1733 (2025-2026): vote tally matches on 2025-03-11 ({'yes': 96, 'no': 0, 'other': 2})
  [32m✓[0m  WA HB 1733 (2025-2026): vote tally matches on 2025-04-16 ({'yes': 49, 'no': 0, 'other': 0})
  [32m✓[0m  WA HB 1733 (2025-2026): vote tally matches on 2025-04-24 ({'yes': 94, 'no': 0, 'other': 4})
  [32m✓[0m  WA HB 1733 (2025-2026): sponsorship count matches (11)
  [32m✓[0m  WA HB 1765 (2025-2026): title matches
  [32m✓[0m  WA HB 1765 (2025-2026): latest_action matches
  [32m✓[0m  WA HB 1765 (2025-2026): vote event count matches (0)
  [32m✓[0m  WA HB 1765 (2025-2026): sponsorship count matches (4)
  [32m✓[0m  WA HB 1782 (2025-2026): title matches
  [32m✓[0m  WA HB 1782 (2025-2026): latest_action matches
  [32m✓[0m  WA HB 1782 (2025-2026): vote event count matches (0)
  [32m✓[0m  WA HB 1782 (2025-2026): sponsorship count matches (4)
  [32m✓[0m  WA HB 1803 (2025-2026): title matches
  [32m✓[0m  WA HB 1803 (2025-2026): latest_action matches
  [32m✓[0m  WA HB 1803 (2025-2026): vote event count matches (0)
  [32m✓[0m  WA HB 1803 (2025-2026): sponsorship count matches (4)
  [32m✓[0m  WA HB 1905 (2025-2026): title matches
  [32m✓[0m  WA HB 1905 (2025-2026): latest_action matches
  [32m✓[0m  WA HB 1905 (2025-2026): vote event count matches (0)
  [32m✓[0m  WA HB 1905 (2025-2026): sponsorship count matches (8)
  [32m✓[0m  WA HB 1956 (2025-2026): title matches
  [32m✓[0m  WA HB 1956 (2025-2026): latest_action matches
  [32m✓[0m  WA HB 1956 (2025-2026): vote event count matches (0)
  [32m✓[0m  WA HB 1956 (2025-2026): sponsorship count matches (7)
    ...25/100
  [32m✓[0m  WA HB 1991 (2025-2026): title matches
  [32m✓[0m  WA HB 1991 (2025-2026): latest_action matches
  [32m✓[0m  WA HB 1991 (2025-2026): vote event count matches (0)
  [32m✓[0m  WA HB 1991 (2025-2026): sponsorship count matches (3)
  [32m✓[0m  WA HB 2092 (2025-2026): title matches
  [32m✓[0m  WA HB 2092 (2025-2026): latest_action matches
  [32m✓[0m  WA HB 2092 (2025-2026): vote event count matches (0)
  [32m✓[0m  WA HB 2092 (2025-2026): sponsorship count matches (19)
  [32m✓[0m  WA HB 2099 (2025-2026): title matches
  [32m✓[0m  WA HB 2099 (2025-2026): latest_action matches
  [32m✓[0m  WA HB 2099 (2025-2026): vote event count matches (0)
  [32m✓[0m  WA HB 2099 (2025-2026): sponsorship count matches (27)
  [32m✓[0m  WA HB 2162 (2025-2026): title matches
  [32m✓[0m  WA HB 2162 (2025-2026): latest_action matches
  [32m✓[0m  WA HB 2162 (2025-2026): vote event count matches (0)
  [32m✓[0m  WA HB 2162 (2025-2026): sponsorship count matches (6)
  [32m✓[0m  WA HB 2201 (2025-2026): title matches
  [32m✓[0m  WA HB 2201 (2025-2026): latest_action matches
  [32m✓[0m  WA HB 2201 (2025-2026): vote event count matches (0)
  [32m✓[0m  WA HB 2201 (2025-2026): sponsorship count matches (7)
  [32m✓[0m  WA HB 2203 (2025-2026): title matches
  [32m✓[0m  WA HB 2203 (2025-2026): latest_action matches
  [32m✓[0m  WA HB 2203 (2025-2026): vote event count matches (1)
  [32m✓[0m  WA HB 2203 (2025-2026): vote tally matches on 2026-02-16 ({'yes': 94, 'no': 2, 'other': 2})
  [32m✓[0m  WA HB 2203 (2025-2026): sponsorship count matches (3)
  [32m✓[0m  WA HB 2224 (2025-2026): title matches
  [32m✓[0m  WA HB 2224 (2025-2026): latest_action matches
  [32m✓[0m  WA HB 2224 (2025-2026): vote event count matches (0)
  [32m✓[0m  WA HB 2224 (2025-2026): sponsorship count matches (11)
  [32m✓[0m  WA HB 2367 (2025-2026): title matches
  [32m✓[0m  WA HB 2367 (2025-2026): latest_action matches
  [32m✓[0m  WA HB 2367 (2025-2026): vote event count matches (2)
  [32m✓[0m  WA HB 2367 (2025-2026): vote tally matches on 2026-02-12 ({'yes': 63, 'no': 33, 'other': 2})
  [32m✓[0m  WA HB 2367 (2025-2026): vote tally matches on 2026-02-28 ({'yes': 29, 'no': 19, 'other': 1})
  [32m✓[0m  WA HB 2367 (2025-2026): sponsorship count matches (11)
  [32m✓[0m  WA HB 2415 (2025-2026): title matches
  [32m✓[0m  WA HB 2415 (2025-2026): latest_action matches
  [32m✓[0m  WA HB 2415 (2025-2026): vote event count matches (0)
  [32m✓[0m  WA HB 2415 (2025-2026): sponsorship count matches (7)
  [32m✓[0m  WA HB 2479 (2025-2026): title matches
  [32m✓[0m  WA HB 2479 (2025-2026): latest_action matches
  [32m✓[0m  WA HB 2479 (2025-2026): vote event count matches (2)
  [32m✓[0m  WA HB 2479 (2025-2026): vote tally matches on 2026-02-13 ({'yes': 94, 'no': 0, 'other': 4})
  [32m✓[0m  WA HB 2479 (2025-2026): vote tally matches on 2026-03-04 ({'yes': 49, 'no': 0, 'other': 0})
  [32m✓[0m  WA HB 2479 (2025-2026): sponsorship count matches (17)
  [32m✓[0m  WA HB 2589 (2025-2026): title matches
  [32m✓[0m  WA HB 2589 (2025-2026): latest_action matches
  [32m✓[0m  WA HB 2589 (2025-2026): vote event count matches (0)
  [32m✓[0m  WA HB 2589 (2025-2026): sponsorship count matches (1)
  [32m✓[0m  WA HB 2602 (2025-2026): title matches
  [32m✓[0m  WA HB 2602 (2025-2026): latest_action matches
  [32m✓[0m  WA HB 2602 (2025-2026): vote event count matches (0)
  [32m✓[0m  WA HB 2602 (2025-2026): sponsorship count matches (10)
  [32m✓[0m  WA HB 2607 (2025-2026): title matches
  [32m✓[0m  WA HB 2607 (2025-2026): latest_action matches
  [32m✓[0m  WA HB 2607 (2025-2026): vote event count matches (0)
  [32m✓[0m  WA HB 2607 (2025-2026): sponsorship count matches (2)
  [32m✓[0m  WA HB 2609 (2025-2026): title matches
  [32m✓[0m  WA HB 2609 (2025-2026): latest_action matches
  [32m✓[0m  WA HB 2609 (2025-2026): vote event count matches (0)
  [32m✓[0m  WA HB 2609 (2025-2026): sponsorship count matches (4)
  [32m✓[0m  WA HB 2618 (2025-2026): title matches
  [32m✓[0m  WA HB 2618 (2025-2026): latest_action matches
  [32m✓[0m  WA HB 2618 (2025-2026): vote event count matches (0)
  [32m✓[0m  WA HB 2618 (2025-2026): sponsorship count matches (1)
  [32m✓[0m  WA HB 2745 (2025-2026): title matches
  [32m✓[0m  WA HB 2745 (2025-2026): latest_action matches
  [32m✓[0m  WA HB 2745 (2025-2026): vote event count matches (0)
  [32m✓[0m  WA HB 2745 (2025-2026): sponsorship count matches (2)
  [32m✓[0m  WA HCR 4407 (2025-2026): title matches
  [32m✓[0m  WA HCR 4407 (2025-2026): latest_action matches
  [32m✓[0m  WA HCR 4407 (2025-2026): vote event count matches (0)
  [32m✓[0m  WA HCR 4407 (2025-2026): sponsorship count matches (2)
  [32m✓[0m  WA HJM 4014 (2025-2026): title matches
  [32m✓[0m  WA HJM 4014 (2025-2026): latest_action matches
  [32m✓[0m  WA HJM 4014 (2025-2026): vote event count matches (0)
  [32m✓[0m  WA HJM 4014 (2025-2026): sponsorship count matches (14)
  [32m✓[0m  WA HR 4614 (2025-2026): title matches
  [32m✓[0m  WA HR 4614 (2025-2026): latest_action matches
  [32m✓[0m  WA HR 4614 (2025-2026): vote event count matches (0)
  [32m✓[0m  WA HR 4614 (2025-2026): sponsorship count matches (14)
  [32m✓[0m  WA HR 4646 (2025-2026): title matches
  [32m✓[0m  WA HR 4646 (2025-2026): latest_action matches
  [32m✓[0m  WA HR 4646 (2025-2026): vote event count matches (0)
  [32m✓[0m  WA HR 4646 (2025-2026): sponsorship count matches (1)
  [32m✓[0m  WA HR 4709 (2025-2026): title matches
  [32m✓[0m  WA HR 4709 (2025-2026): latest_action matches
  [32m✓[0m  WA HR 4709 (2025-2026): vote event count matches (0)
  [32m✓[0m  WA HR 4709 (2025-2026): sponsorship count matches (13)
  [32m✓[0m  WA SB 5045 (2025-2026): title matches
  [32m✓[0m  WA SB 5045 (2025-2026): latest_action matches
  [32m✓[0m  WA SB 5045 (2025-2026): vote event count matches (0)
  [32m✓[0m  WA SB 5045 (2025-2026): sponsorship count matches (10)
  [32m✓[0m  WA SB 5060 (2025-2026): title matches
  [32m✓[0m  WA SB 5060 (2025-2026): latest_action matches
  [32m✓[0m  WA SB 5060 (2025-2026): vote event count matches (0)
  [32m✓[0m  WA SB 5060 (2025-2026): sponsorship count matches (13)
  [32m✓[0m  WA SB 5080 (2025-2026): title matches
  [32m✓[0m  WA SB 5080 (2025-2026): latest_action matches
  [32m✓[0m  WA SB 5080 (2025-2026): vote event count matches (0)
  [32m✓[0m  WA SB 5080 (2025-2026): sponsorship count matches (12)
  [32m✓[0m  WA SB 5096 (2025-2026): title matches
  [32m✓[0m  WA SB 5096 (2025-2026): latest_action matches
  [32m✓[0m  WA SB 5096 (2025-2026): vote event count matches (0)
  [32m✓[0m  WA SB 5096 (2025-2026): sponsorship count matches (11)
    ...50/100
  [32m✓[0m  WA SB 5099 (2025-2026): title matches
  [32m✓[0m  WA SB 5099 (2025-2026): latest_action matches
  [32m✓[0m  WA SB 5099 (2025-2026): vote event count matches (0)
  [32m✓[0m  WA SB 5099 (2025-2026): sponsorship count matches (14)
  [32m✓[0m  WA SB 5102 (2025-2026): title matches
  [32m✓[0m  WA SB 5102 (2025-2026): latest_action matches
  [32m✓[0m  WA SB 5102 (2025-2026): vote event count matches (2)
  [32m✓[0m  WA SB 5102 (2025-2026): vote tally matches on 2025-03-04 ({'yes': 49, 'no': 0, 'other': 0})
  [32m✓[0m  WA SB 5102 (2025-2026): vote tally matches on 2025-04-11 ({'yes': 74, 'no': 21, 'other': 3})
  [32m✓[0m  WA SB 5102 (2025-2026): sponsorship count matches (1)
  [32m✓[0m  WA SB 5112 (2025-2026): title matches
  [32m✓[0m  WA SB 5112 (2025-2026): latest_action matches
  [32m✓[0m  WA SB 5112 (2025-2026): vote event count matches (0)
  [32m✓[0m  WA SB 5112 (2025-2026): sponsorship count matches (10)
  [32m✓[0m  WA SB 5137 (2025-2026): title matches
  [32m✓[0m  WA SB 5137 (2025-2026): latest_action matches
  [32m✓[0m  WA SB 5137 (2025-2026): vote event count matches (0)
  [32m✓[0m  WA SB 5137 (2025-2026): sponsorship count matches (4)
  [32m✓[0m  WA SB 5178 (2025-2026): title matches
  [32m✓[0m  WA SB 5178 (2025-2026): latest_action matches
  [32m✓[0m  WA SB 5178 (2025-2026): vote event count matches (1)
  [32m✓[0m  WA SB 5178 (2025-2026): vote tally matches on 2025-03-03 ({'yes': 49, 'no': 0, 'other': 0})
  [32m✓[0m  WA SB 5178 (2025-2026): sponsorship count matches (10)
  [32m✓[0m  WA SB 5198 (2025-2026): title matches
  [32m✓[0m  WA SB 5198 (2025-2026): latest_action matches
  [32m✓[0m  WA SB 5198 (2025-2026): vote event count matches (0)
  [32m✓[0m  WA SB 5198 (2025-2026): sponsorship count matches (7)
  [32m✓[0m  WA SB 5320 (2025-2026): title matches
  [32m✓[0m  WA SB 5320 (2025-2026): latest_action matches
  [32m✓[0m  WA SB 5320 (2025-2026): vote event count matches (0)
  [32m✓[0m  WA SB 5320 (2025-2026): sponsorship count matches (8)
  [32m✓[0m  WA SB 5331 (2025-2026): title matches
  [32m✓[0m  WA SB 5331 (2025-2026): latest_action matches
  [32m✓[0m  WA SB 5331 (2025-2026): vote event count matches (2)
  [32m✓[0m  WA SB 5331 (2025-2026): vote tally matches on 2025-03-03 ({'yes': 30, 'no': 19, 'other': 0})
  [32m✓[0m  WA SB 5331 (2025-2026): vote tally matches on 2026-01-21 ({'yes': 29, 'no': 20, 'other': 0})
  [32m✓[0m  WA SB 5331 (2025-2026): sponsorship count matches (11)
  [32m✓[0m  WA SB 5350 (2025-2026): title matches
  [32m✓[0m  WA SB 5350 (2025-2026): latest_action matches
  [32m✓[0m  WA SB 5350 (2025-2026): vote event count matches (0)
  [32m✓[0m  WA SB 5350 (2025-2026): sponsorship count matches (1)
  [32m✓[0m  WA SB 5377 (2025-2026): title matches
  [32m✓[0m  WA SB 5377 (2025-2026): latest_action matches
  [32m✓[0m  WA SB 5377 (2025-2026): vote event count matches (0)
  [32m✓[0m  WA SB 5377 (2025-2026): sponsorship count matches (3)
  [32m✓[0m  WA SB 5388 (2025-2026): title matches
  [32m✓[0m  WA SB 5388 (2025-2026): latest_action matches
  [32m✓[0m  WA SB 5388 (2025-2026): vote event count matches (3)
  [32m✓[0m  WA SB 5388 (2025-2026): vote tally matches on 2025-03-06 ({'yes': 45, 'no': 4, 'other': 0})
  [32m✓[0m  WA SB 5388 (2025-2026): vote tally matches on 2025-04-11 ({'yes': 73, 'no': 21, 'other': 4})
  [32m✓[0m  WA SB 5388 (2025-2026): vote tally matches on 2025-04-18 ({'yes': 45, 'no': 3, 'other': 1})
  [32m✓[0m  WA SB 5388 (2025-2026): sponsorship count matches (5)
  [32m✓[0m  WA SB 5424 (2025-2026): title matches
  [32m✓[0m  WA SB 5424 (2025-2026): latest_action matches
  [32m✓[0m  WA SB 5424 (2025-2026): vote event count matches (0)
  [32m✓[0m  WA SB 5424 (2025-2026): sponsorship count matches (4)
  [32m✓[0m  WA SB 5435 (2025-2026): title matches
  [32m✓[0m  WA SB 5435 (2025-2026): latest_action matches
  [32m✓[0m  WA SB 5435 (2025-2026): vote event count matches (2)
  [32m✓[0m  WA SB 5435 (2025-2026): vote tally matches on 2025-02-12 ({'yes': 49, 'no': 0, 'other': 0})
  [32m✓[0m  WA SB 5435 (2025-2026): vote tally matches on 2025-04-15 ({'yes': 95, 'no': 0, 'other': 3})
  [32m✓[0m  WA SB 5435 (2025-2026): sponsorship count matches (4)
  [32m✓[0m  WA SB 5438 (2025-2026): title matches
  [32m✓[0m  WA SB 5438 (2025-2026): latest_action matches
  [32m✓[0m  WA SB 5438 (2025-2026): vote event count matches (0)
  [32m✓[0m  WA SB 5438 (2025-2026): sponsorship count matches (12)
  [32m✓[0m  WA SB 5487 (2025-2026): title matches
  [32m✓[0m  WA SB 5487 (2025-2026): latest_action matches
  [32m✓[0m  WA SB 5487 (2025-2026): vote event count matches (0)
  [32m✓[0m  WA SB 5487 (2025-2026): sponsorship count matches (9)
  [32m✓[0m  WA SB 5489 (2025-2026): title matches
  [32m✓[0m  WA SB 5489 (2025-2026): latest_action matches
  [32m✓[0m  WA SB 5489 (2025-2026): vote event count matches (1)
  [32m✓[0m  WA SB 5489 (2025-2026): vote tally matches on 2026-02-16 ({'yes': 48, 'no': 0, 'other': 1})
  [32m✓[0m  WA SB 5489 (2025-2026): sponsorship count matches (1)
  [32m✓[0m  WA SB 5544 (2025-2026): title matches
  [32m✓[0m  WA SB 5544 (2025-2026): latest_action matches
  [32m✓[0m  WA SB 5544 (2025-2026): vote event count matches (0)
  [32m✓[0m  WA SB 5544 (2025-2026): sponsorship count matches (6)
  [32m✓[0m  WA SB 5567 (2025-2026): title matches
  [32m✓[0m  WA SB 5567 (2025-2026): latest_action matches
  [32m✓[0m  WA SB 5567 (2025-2026): vote event count matches (0)
  [32m✓[0m  WA SB 5567 (2025-2026): sponsorship count matches (13)
  [32m✓[0m  WA SB 5671 (2025-2026): title matches
  [32m✓[0m  WA SB 5671 (2025-2026): latest_action matches
  [32m✓[0m  WA SB 5671 (2025-2026): vote event count matches (0)
  [32m✓[0m  WA SB 5671 (2025-2026): sponsorship count matches (2)
  [32m✓[0m  WA SB 5681 (2025-2026): title matches
  [32m✓[0m  WA SB 5681 (2025-2026): latest_action matches
  [32m✓[0m  WA SB 5681 (2025-2026): vote event count matches (0)
  [32m✓[0m  WA SB 5681 (2025-2026): sponsorship count matches (6)
  [32m✓[0m  WA SB 5743 (2025-2026): title matches
  [32m✓[0m  WA SB 5743 (2025-2026): latest_action matches
  [32m✓[0m  WA SB 5743 (2025-2026): vote event count matches (0)
  [32m✓[0m  WA SB 5743 (2025-2026): sponsorship count matches (3)
  [32m✓[0m  WA SB 5873 (2025-2026): title matches
  [32m✓[0m  WA SB 5873 (2025-2026): latest_action matches
  [32m✓[0m  WA SB 5873 (2025-2026): vote event count matches (1)
  [32m✓[0m  WA SB 5873 (2025-2026): vote tally matches on 2026-02-17 ({'yes': 31, 'no': 17, 'other': 1})
  [32m✓[0m  WA SB 5873 (2025-2026): sponsorship count matches (5)
  [32m✓[0m  WA SB 5896 (2025-2026): title matches
  [32m✓[0m  WA SB 5896 (2025-2026): latest_action matches
  [32m✓[0m  WA SB 5896 (2025-2026): vote event count matches (0)
  [32m✓[0m  WA SB 5896 (2025-2026): sponsorship count matches (3)
  [32m✓[0m  WA SB 5907 (2025-2026): title matches
  [32m✓[0m  WA SB 5907 (2025-2026): latest_action matches
  [32m✓[0m  WA SB 5907 (2025-2026): vote event count matches (0)
  [32m✓[0m  WA SB 5907 (2025-2026): sponsorship count matches (13)
  [32m✓[0m  WA SB 5948 (2025-2026): title matches
  [32m✓[0m  WA SB 5948 (2025-2026): latest_action matches
  [32m✓[0m  WA SB 5948 (2025-2026): vote event count matches (0)
  [32m✓[0m  WA SB 5948 (2025-2026): sponsorship count matches (3)
    ...75/100
  [32m✓[0m  WA SB 5955 (2025-2026): title matches
  [32m✓[0m  WA SB 5955 (2025-2026): latest_action matches
  [32m✓[0m  WA SB 5955 (2025-2026): vote event count matches (0)
  [32m✓[0m  WA SB 5955 (2025-2026): sponsorship count matches (1)
  [32m✓[0m  WA SB 5959 (2025-2026): title matches
  [32m✓[0m  WA SB 5959 (2025-2026): latest_action matches
  [32m✓[0m  WA SB 5959 (2025-2026): vote event count matches (0)
  [32m✓[0m  WA SB 5959 (2025-2026): sponsorship count matches (4)
  [32m✓[0m  WA SB 5988 (2025-2026): title matches
  [32m✓[0m  WA SB 5988 (2025-2026): latest_action matches
  [32m✓[0m  WA SB 5988 (2025-2026): vote event count matches (2)
  [32m✓[0m  WA SB 5988 (2025-2026): vote tally matches on 2026-02-13 ({'yes': 47, 'no': 1, 'other': 1})
  [32m✓[0m  WA SB 5988 (2025-2026): vote tally matches on 2026-03-04 ({'yes': 62, 'no': 34, 'other': 2})
  [32m✓[0m  WA SB 5988 (2025-2026): sponsorship count matches (1)
  [32m✓[0m  WA SB 6013 (2025-2026): title matches
  [32m✓[0m  WA SB 6013 (2025-2026): latest_action matches
  [32m✓[0m  WA SB 6013 (2025-2026): vote event count matches (1)
  [32m✓[0m  WA SB 6013 (2025-2026): vote tally matches on 2026-02-05 ({'yes': 48, 'no': 0, 'other': 1})
  [32m✓[0m  WA SB 6013 (2025-2026): sponsorship count matches (7)
  [32m✓[0m  WA SB 6045 (2025-2026): title matches
  [32m✓[0m  WA SB 6045 (2025-2026): latest_action matches
  [32m✓[0m  WA SB 6045 (2025-2026): vote event count matches (0)
  [32m✓[0m  WA SB 6045 (2025-2026): sponsorship count matches (14)
  [32m✓[0m  WA SB 6074 (2025-2026): title matches
  [32m✓[0m  WA SB 6074 (2025-2026): latest_action matches
  [32m✓[0m  WA SB 6074 (2025-2026): vote event count matches (0)
  [32m✓[0m  WA SB 6074 (2025-2026): sponsorship count matches (7)
  [32m✓[0m  WA SB 6098 (2025-2026): title matches
  [32m✓[0m  WA SB 6098 (2025-2026): latest_action matches
  [32m✓[0m  WA SB 6098 (2025-2026): vote event count matches (0)
  [32m✓[0m  WA SB 6098 (2025-2026): sponsorship count matches (2)
  [32m✓[0m  WA SB 6154 (2025-2026): title matches
  [32m✓[0m  WA SB 6154 (2025-2026): latest_action matches
  [32m✓[0m  WA SB 6154 (2025-2026): vote event count matches (0)
  [32m✓[0m  WA SB 6154 (2025-2026): sponsorship count matches (2)
  [32m✓[0m  WA SB 6157 (2025-2026): title matches
  [32m✓[0m  WA SB 6157 (2025-2026): latest_action matches
  [32m✓[0m  WA SB 6157 (2025-2026): vote event count matches (0)
  [32m✓[0m  WA SB 6157 (2025-2026): sponsorship count matches (7)
  [32m✓[0m  WA SB 6161 (2025-2026): title matches
  [32m✓[0m  WA SB 6161 (2025-2026): latest_action matches
  [32m✓[0m  WA SB 6161 (2025-2026): vote event count matches (1)
  [32m✓[0m  WA SB 6161 (2025-2026): vote tally matches on 2026-02-11 ({'yes': 49, 'no': 0, 'other': 0})
  [32m✓[0m  WA SB 6161 (2025-2026): sponsorship count matches (8)
  [32m✓[0m  WA SB 6162 (2025-2026): title matches
  [32m✓[0m  WA SB 6162 (2025-2026): latest_action matches
  [32m✓[0m  WA SB 6162 (2025-2026): vote event count matches (3)
  [32m✓[0m  WA SB 6162 (2025-2026): vote tally matches on 2026-02-16 ({'yes': 41, 'no': 8, 'other': 0})
  [32m✓[0m  WA SB 6162 (2025-2026): vote tally matches on 2026-03-06 ({'yes': 93, 'no': 2, 'other': 3})
  [32m✓[0m  WA SB 6162 (2025-2026): vote tally matches on 2026-03-10 ({'yes': 41, 'no': 8, 'other': 0})
  [32m✓[0m  WA SB 6162 (2025-2026): sponsorship count matches (25)
  [32m✓[0m  WA SB 6166 (2025-2026): title matches
  [32m✓[0m  WA SB 6166 (2025-2026): latest_action matches
  [32m✓[0m  WA SB 6166 (2025-2026): vote event count matches (0)
  [32m✓[0m  WA SB 6166 (2025-2026): sponsorship count matches (2)
  [32m✓[0m  WA SB 6238 (2025-2026): title matches
  [32m✓[0m  WA SB 6238 (2025-2026): latest_action matches
  [32m✓[0m  WA SB 6238 (2025-2026): vote event count matches (0)
  [32m✓[0m  WA SB 6238 (2025-2026): sponsorship count matches (4)
  [32m✓[0m  WA SB 6259 (2025-2026): title matches
  [32m✓[0m  WA SB 6259 (2025-2026): latest_action matches
  [32m✓[0m  WA SB 6259 (2025-2026): vote event count matches (0)
  [32m✓[0m  WA SB 6259 (2025-2026): sponsorship count matches (2)
  [32m✓[0m  WA SB 6275 (2025-2026): title matches
  [32m✓[0m  WA SB 6275 (2025-2026): latest_action matches
  [32m✓[0m  WA SB 6275 (2025-2026): vote event count matches (0)
  [32m✓[0m  WA SB 6275 (2025-2026): sponsorship count matches (5)
  [32m✓[0m  WA SB 6281 (2025-2026): title matches
  [32m✓[0m  WA SB 6281 (2025-2026): latest_action matches
  [32m✓[0m  WA SB 6281 (2025-2026): vote event count matches (0)
  [32m✓[0m  WA SB 6281 (2025-2026): sponsorship count matches (2)
  [32m✓[0m  WA SB 6288 (2025-2026): title matches
  [32m✓[0m  WA SB 6288 (2025-2026): latest_action matches
  [32m✓[0m  WA SB 6288 (2025-2026): vote event count matches (0)
  [32m✓[0m  WA SB 6288 (2025-2026): sponsorship count matches (2)
  [32m✓[0m  WA SB 6358 (2025-2026): title matches
  [32m✓[0m  WA SB 6358 (2025-2026): latest_action matches
  [32m✓[0m  WA SB 6358 (2025-2026): vote event count matches (0)
  [32m✓[0m  WA SB 6358 (2025-2026): sponsorship count matches (2)
  [32m✓[0m  WA SCR 8404 (2025-2026): title matches
  [32m✓[0m  WA SCR 8404 (2025-2026): latest_action matches
  [32m✓[0m  WA SCR 8404 (2025-2026): vote event count matches (0)
  [32m✓[0m  WA SCR 8404 (2025-2026): sponsorship count matches (1)
  [32m✓[0m  WA SCR 8409 (2025-2026): title matches
  [32m✓[0m  WA SCR 8409 (2025-2026): latest_action matches
  [32m✓[0m  WA SCR 8409 (2025-2026): vote event count matches (0)
  [32m✓[0m  WA SCR 8409 (2025-2026): sponsorship count matches (1)
  [32m✓[0m  WA SJM 8006 (2025-2026): title matches
  [32m✓[0m  WA SJM 8006 (2025-2026): latest_action matches
  [32m✓[0m  WA SJM 8006 (2025-2026): vote event count matches (2)
  [32m✓[0m  WA SJM 8006 (2025-2026): vote tally matches on 2025-02-05 ({'yes': 49, 'no': 0, 'other': 0})
  [32m✓[0m  WA SJM 8006 (2025-2026): vote tally matches on 2026-01-28 ({'yes': 49, 'no': 0, 'other': 0})
  [32m✓[0m  WA SJM 8006 (2025-2026): sponsorship count matches (2)
  [32m✓[0m  WA SR 8601 (2025-2026): title matches
  [32m✓[0m  WA SR 8601 (2025-2026): latest_action matches
  [32m✓[0m  WA SR 8601 (2025-2026): vote event count matches (0)
  [32m✓[0m  WA SR 8601 (2025-2026): sponsorship count matches (2)
  [32m✓[0m  WA SR 8617 (2025-2026): title matches
  [32m✓[0m  WA SR 8617 (2025-2026): latest_action matches
  [32m✓[0m  WA SR 8617 (2025-2026): vote event count matches (0)
  [32m✓[0m  WA SR 8617 (2025-2026): sponsorship count matches (3)
  [32m✓[0m  WA SR 8666 (2025-2026): title matches
  [32m✓[0m  WA SR 8666 (2025-2026): latest_action matches
  [32m✓[0m  WA SR 8666 (2025-2026): vote event count matches (0)
  [32m✓[0m  WA SR 8666 (2025-2026): sponsorship count matches (13)

────────────────────────────────────────────────────────────
  437/439 passed  |  0 warnings  |  2 failures  |  0 skipped
────────────────────────────────────────────────────────────
